Component: ARM Compiler 5.06 update 6 (build 750) Tool: armlink [4d35ed]

==============================================================================

Section Cross References

    main.o(i.key_Scan) refers to stm32f4xx_hal_gpio.o(i.HAL_GPIO_ReadPin) for HAL_GPIO_ReadPin
    main.o(i.key_Scan) refers to delay.o(i.delay_ms) for delay_ms
    main.o(i.key_Scan) refers to main.o(.data) for .data
    main.o(i.list_task) refers to list.o(i.vListInitialise) for vListInitialise
    main.o(i.list_task) refers to list.o(i.vListInitialiseItem) for vListInitialiseItem
    main.o(i.list_task) refers to segger_rtt.o(i.SEGGER_RTT_SetTerminal) for SEGGER_RTT_SetTerminal
    main.o(i.list_task) refers to segger_rtt_printf.o(i.SEGGER_RTT_printf) for SEGGER_RTT_printf
    main.o(i.list_task) refers to delay.o(i.delay_ms) for delay_ms
    main.o(i.list_task) refers to key.o(i.KEY_Scan) for KEY_Scan
    main.o(i.list_task) refers to list.o(i.vListInsert) for vListInsert
    main.o(i.list_task) refers to main.o(.bss) for .bss
    main.o(i.list_task) refers to list.o(i.uxListRemove) for uxListRemove
    main.o(i.list_task) refers to list.o(i.vListInsertEnd) for vListInsertEnd
    main.o(i.list_task) refers to tasks.o(i.vTaskDelay) for vTaskDelay
    main.o(i.main) refers to stm32f4xx_hal.o(i.HAL_Init) for HAL_Init
    main.o(i.main) refers to sys.o(i.Stm32_Clock_Init) for Stm32_Clock_Init
    main.o(i.main) refers to delay.o(i.delay_init) for delay_init
    main.o(i.main) refers to key.o(i.KEY_Init) for KEY_Init
    main.o(i.main) refers to led.o(i.LED_Init) for LED_Init
    main.o(i.main) refers to tasks.o(i.xTaskCreate) for xTaskCreate
    main.o(i.main) refers to tasks.o(i.vTaskStartScheduler) for vTaskStartScheduler
    main.o(i.main) refers to main.o(.data) for .data
    main.o(i.main) refers to main.o(i.start_task) for start_task
    main.o(i.start_task) refers to port.o(i.vPortEnterCritical) for vPortEnterCritical
    main.o(i.start_task) refers to tasks.o(i.xTaskCreate) for xTaskCreate
    main.o(i.start_task) refers to tasks.o(i.vTaskDelete) for vTaskDelete
    main.o(i.start_task) refers to port.o(i.vPortExitCritical) for vPortExitCritical
    main.o(i.start_task) refers to main.o(.data) for .data
    main.o(i.start_task) refers to main.o(i.task1_task) for task1_task
    main.o(i.start_task) refers to main.o(i.task2_task) for task2_task
    main.o(i.start_task) refers to main.o(i.list_task) for list_task
    main.o(i.task1_task) refers to main.o(i.key_Scan) for key_Scan
    main.o(i.task1_task) refers to tasks.o(i.vTaskDelay) for vTaskDelay
    main.o(i.task1_task) refers to main.o(.data) for .data
    main.o(i.task2_task) refers to segger_rtt_printf.o(i.SEGGER_RTT_printf) for SEGGER_RTT_printf
    main.o(i.task2_task) refers to stm32f4xx_hal_gpio.o(i.HAL_GPIO_WritePin) for HAL_GPIO_WritePin
    main.o(i.task2_task) refers to tasks.o(i.vTaskDelay) for vTaskDelay
    main.o(i.task2_task) refers to main.o(.data) for .data
    system_stm32f4xx.o(i.SystemCoreClockUpdate) refers to system_stm32f4xx.o(.data) for .data
    system_stm32f4xx.o(i.SystemCoreClockUpdate) refers to system_stm32f4xx.o(.constdata) for .constdata
    startup_stm32f407xx.o(STACK) refers (Special) to heapauxi.o(.text) for __use_two_region_memory
    startup_stm32f407xx.o(HEAP) refers (Special) to heapauxi.o(.text) for __use_two_region_memory
    startup_stm32f407xx.o(RESET) refers (Special) to heapauxi.o(.text) for __use_two_region_memory
    startup_stm32f407xx.o(RESET) refers to startup_stm32f407xx.o(STACK) for __initial_sp
    startup_stm32f407xx.o(RESET) refers to startup_stm32f407xx.o(.text) for Reset_Handler
    startup_stm32f407xx.o(RESET) refers to stm32f4xx_it.o(i.NMI_Handler) for NMI_Handler
    startup_stm32f407xx.o(RESET) refers to stm32f4xx_it.o(i.HardFault_Handler) for HardFault_Handler
    startup_stm32f407xx.o(RESET) refers to stm32f4xx_it.o(i.MemManage_Handler) for MemManage_Handler
    startup_stm32f407xx.o(RESET) refers to stm32f4xx_it.o(i.BusFault_Handler) for BusFault_Handler
    startup_stm32f407xx.o(RESET) refers to stm32f4xx_it.o(i.UsageFault_Handler) for UsageFault_Handler
    startup_stm32f407xx.o(RESET) refers to port.o(.emb_text) for SVC_Handler
    startup_stm32f407xx.o(RESET) refers to stm32f4xx_it.o(i.DebugMon_Handler) for DebugMon_Handler
    startup_stm32f407xx.o(RESET) refers to delay.o(i.SysTick_Handler) for SysTick_Handler
    startup_stm32f407xx.o(RESET) refers to exti.o(i.EXTI9_5_IRQHandler) for EXTI9_5_IRQHandler
    startup_stm32f407xx.o(.text) refers (Special) to heapauxi.o(.text) for __use_two_region_memory
    startup_stm32f407xx.o(.text) refers to system_stm32f4xx.o(i.SystemInit) for SystemInit
    startup_stm32f407xx.o(.text) refers to __main.o(!!!main) for __main
    startup_stm32f407xx.o(.text) refers to startup_stm32f407xx.o(HEAP) for Heap_Mem
    startup_stm32f407xx.o(.text) refers to startup_stm32f407xx.o(STACK) for Stack_Mem
[...]
    ..\HARDWARE\ADC\adc.c                    0x00000000   Number         0  adc.o ABSOLUTE
    ..\HARDWARE\EXTI\exti.c                  0x00000000   Number         0  exti.o ABSOLUTE
    ..\HARDWARE\KEY\key.c                    0x00000000   Number         0  key.o ABSOLUTE
    ..\HARDWARE\LCD\lcd.c                    0x00000000   Number         0  lcd.o ABSOLUTE
    ..\HARDWARE\LED\led.c                    0x00000000   Number         0  led.o ABSOLUTE
    ..\HARDWARE\RTT\SEGGER_RTT.c             0x00000000   Number         0  segger_rtt.o ABSOLUTE
    ..\HARDWARE\RTT\SEGGER_RTT_printf.c      0x00000000   Number         0  segger_rtt_printf.o ABSOLUTE
    ..\SYSTEM\delay\delay.c                  0x00000000   Number         0  delay.o ABSOLUTE
    ..\SYSTEM\sys\sys.c                      0x00000000   Number         0  sys.o ABSOLUTE
    ..\\FreeRTOS\\portable\\RVDS\\ARM_CM4F\\port.c 0x00000000   Number         0  port.o ABSOLUTE
    ..\\HALLIB\\STM32F4xx_HAL_Driver\\Src\\stm32f4xx_hal.c 0x00000000   Number         0  stm32f4xx_hal.o ABSOLUTE
    ..\\HALLIB\\STM32F4xx_HAL_Driver\\Src\\stm32f4xx_hal_adc.c 0x00000000   Number         0  stm32f4xx_hal_adc.o ABSOLUTE
    ..\\HALLIB\\STM32F4xx_HAL_Driver\\Src\\stm32f4xx_hal_adc_ex.c 0x00000000   Number         0  stm32f4xx_hal_adc_ex.o ABSOLUTE
    ..\\HALLIB\\STM32F4xx_HAL_Driver\\Src\\stm32f4xx_hal_cortex.c 0x00000000   Number         0  stm32f4xx_hal_cortex.o ABSOLUTE
    ..\\HALLIB\\STM32F4xx_HAL_Driver\\Src\\stm32f4xx_hal_dcmi.c 0x00000000   Number         0  stm32f4xx_hal_dcmi.o ABSOLUTE
    ..\\HALLIB\\STM32F4xx_HAL_Driver\\Src\\stm32f4xx_hal_dcmi_ex.c 0x00000000   Number         0  stm32f4xx_hal_dcmi_ex.o ABSOLUTE
    ..\\HALLIB\\STM32F4xx_HAL_Driver\\Src\\stm32f4xx_hal_dma.c 0x00000000   Number         0  stm32f4xx_hal_dma.o ABSOLUTE
    ..\\HALLIB\\STM32F4xx_HAL_Driver\\Src\\stm32f4xx_hal_dma_ex.c 0x00000000   Number         0  stm32f4xx_hal_dma_ex.o ABSOLUTE
    ..\\HALLIB\\STM32F4xx_HAL_Driver\\Src\\stm32f4xx_hal_gpio.c 0x00000000   Number         0  stm32f4xx_hal_gpio.o ABSOLUTE
    ..\\HALLIB\\STM32F4xx_HAL_Driver\\Src\\stm32f4xx_hal_pwr.c 0x00000000   Number         0  stm32f4xx_hal_pwr.o ABSOLUTE
    ..\\HALLIB\\STM32F4xx_HAL_Driver\\Src\\stm32f4xx_hal_pwr_ex.c 0x00000000   Number         0  stm32f4xx_hal_pwr_ex.o ABSOLUTE
    ..\\HALLIB\\STM32F4xx_HAL_Driver\\Src\\stm32f4xx_hal_rcc.c 0x00000000   Number         0  stm32f4xx_hal_rcc.o ABSOLUTE
    ..\\HALLIB\\STM32F4xx_HAL_Driver\\Src\\stm32f4xx_hal_rcc_ex.c 0x00000000   Number         0  stm32f4xx_hal_rcc_ex.o ABSOLUTE
    ..\\HALLIB\\STM32F4xx_HAL_Driver\\Src\\stm32f4xx_hal_spi.c 0x00000000   Number         0  stm32f4xx_hal_spi.o ABSOLUTE
    ..\\HALLIB\\STM32F4xx_HAL_Driver\\Src\\stm32f4xx_hal_sram.c 0x00000000   Number         0  stm32f4xx_hal_sram.o ABSOLUTE
    ..\\HALLIB\\STM32F4xx_HAL_Driver\\Src\\stm32f4xx_hal_tim.c 0x00000000   Number         0  stm32f4xx_hal_tim.o ABSOLUTE
    ..\\HALLIB\\STM32F4xx_HAL_Driver\\Src\\stm32f4xx_hal_tim_ex.c 0x00000000   Number         0  stm32f4xx_hal_tim_ex.o ABSOLUTE
    ..\\HALLIB\\STM32F4xx_HAL_Driver\\Src\\stm32f4xx_hal_uart.c 0x00000000   Number         0  stm32f4xx_hal_uart.o ABSOLUTE
    ..\\HALLIB\\STM32F4xx_HAL_Driver\\Src\\stm32f4xx_hal_usart.c 0x00000000   Number         0  stm32f4xx_hal_usart.o ABSOLUTE
    ..\\HALLIB\\STM32F4xx_HAL_Driver\\Src\\stm32f4xx_ll_fsmc.c 0x00000000   Number         0  stm32f4xx_ll_fsmc.o ABSOLUTE
    ..\\HARDWARE\\ADC\\adc.c                 0x00000000   Number         0  adc.o ABSOLUTE
    ..\\HARDWARE\\EXTI\\exti.c               0x00000000   Number         0  exti.o ABSOLUTE
    ..\\HARDWARE\\KEY\\key.c                 0x00000000   Number         0  key.o ABSOLUTE
    ..\\HARDWARE\\LCD\\lcd.c                 0x00000000   Number         0  lcd.o ABSOLUTE
    ..\\HARDWARE\\LED\\led.c                 0x00000000   Number         0  led.o ABSOLUTE
    ..\\SYSTEM\\delay\\delay.c               0x00000000   Number         0  delay.o ABSOLUTE
    ..\\SYSTEM\\sys\\sys.c                   0x00000000   Number         0  sys.o ABSOLUTE
    dc.s                                     0x00000000   Number         0  dc.o ABSOLUTE
    main.c                                   0x00000000   Number         0  main.o ABSOLUTE
    main.c                                   0x00000000   Number         0  main.o ABSOLUTE
    stm32f4xx_hal_msp.c                      0x00000000   Number         0  stm32f4xx_hal_msp.o ABSOLUTE
    stm32f4xx_hal_msp.c                      0x00000000   Number         0  stm32f4xx_hal_msp.o ABSOLUTE
    stm32f4xx_it.c                           0x00000000   Number         0  stm32f4xx_it.o ABSOLUTE
    stm32f4xx_it.c                           0x00000000   Number         0  stm32f4xx_it.o ABSOLUTE
    system_stm32f4xx.c                       0x00000000   Number         0  system_stm32f4xx.o ABSOLUTE
    system_stm32f4xx.c                       0x00000000   Number         0  system_stm32f4xx.o ABSOLUTE
    RESET                                    0x08000000   Section      392  startup_stm32f407xx.o(RESET)
    !!!main                                  0x08000188   Section        8  __main.o(!!!main)
    !!!scatter                               0x08000190   Section       52  __scatter.o(!!!scatter)
    !!handler_copy                           0x080001c4   Section       26  __scatter_copy.o(!!handler_copy)
    !!handler_zi                             0x080001e0   Section       28  __scatter_zi.o(!!handler_zi)
    .ARM.Collect$$libinit$$00000000          0x080001fc   Section        2  libinit.o(.ARM.Collect$$libinit$$00000000)
    .ARM.Collect$$libinit$$00000001          0x080001fe   Section        4  libinit2.o(.ARM.Collect$$libinit$$00000001)
    .ARM.Collect$$libinit$$00000004          0x08000202   Section        0  libinit2.o(.ARM.Collect$$libinit$$00000004)
    .ARM.Collect$$libinit$$0000000A          0x08000202   Section        0  libinit2.o(.ARM.Collect$$libinit$$0000000A)
    .ARM.Collect$$libinit$$0000000C          0x08000202   Section        0  libinit2.o(.ARM.Collect$$libinit$$0000000C)
    .ARM.Collect$$libinit$$0000000E          0x08000202   Section        0  libinit2.o(.ARM.Collect$$libinit$$0000000E)
    .ARM.Collect$$libinit$$00000011          0x08000202   Section        0  libinit2.o(.ARM.Collect$$libinit$$00000011)
    .ARM.Collect$$libinit$$00000013          0x08000202   Section        0  libinit2.o(.ARM.Collect$$libinit$$00000013)
    .ARM.Collect$$libinit$$00000015          0x08000202   Section        0  libinit2.o(.ARM.Collect$$libinit$$00000015)
    .ARM.Collect$$libinit$$00000017          0x08000202   Section        0  libinit2.o(.ARM.Collect$$libinit$$00000017)
    .ARM.Collect$$libinit$$00000019          0x08000202   Section        0  libinit2.o(.ARM.Collect$$libinit$$00000019)
    .ARM.Collect$$libinit$$0000001B          0x08000202   Section        0  libinit2.o(.ARM.Collect$$libinit$$0000001B)
    .ARM.Collect$$libinit$$0000001D          0x08000202   Section        0  libinit2.o(.ARM.Collect$$libinit$$0000001D)
    .ARM.Collect$$libinit$$0000001F          0x08000202   Section        0  libinit2.o(.ARM.Collect$$libinit$$0000001F)
    .ARM.Collect$$libinit$$00000021          0x08000202   Section        0  libinit2.o(.ARM.Collect$$libinit$$00000021)
    .ARM.Collect$$libinit$$00000023          0x08000202   Section        0  libinit2.o(.ARM.Collect$$libinit$$00000023)
    .ARM.Collect$$libinit$$00000025          0x08000202   Section        0  libinit2.o(.ARM.Collect$$libinit$$00000025)
    .ARM.Collect$$libinit$$0000002C          0x08000202   Section        0  libinit2.o(.ARM.Collect$$libinit$$0000002C)
    .ARM.Collect$$libinit$$0000002E          0x08000202   Section        0  libinit2.o(.ARM.Collect$$libinit$$0000002E)
    .ARM.Collect$$libinit$$00000030          0x08000202   Section        0  libinit2.o(.ARM.Collect$$libinit$$00000030)
    .ARM.Collect$$libinit$$00000032          0x08000202   Section        0  libinit2.o(.ARM.Collect$$libinit$$00000032)
    .ARM.Collect$$libinit$$00000033          0x08000202   Section        2  libinit2.o(.ARM.Collect$$libinit$$00000033)
    .ARM.Collect$$libshutdown$$00000000      0x08000204   Section        2  libshutdown.o(.ARM.Collect$$libshutdown$$00000000)
    .ARM.Collect$$libshutdown$$00000002      0x08000206   Section        0  libshutdown2.o(.ARM.Collect$$libshutdown$$00000002)
    .ARM.Collect$$libshutdown$$00000004      0x08000206   Section        0  libshutdown2.o(.ARM.Collect$$libshutdown$$00000004)
    .ARM.Collect$$libshutdown$$00000007      0x08000206   Section        0  libshutdown2.o(.ARM.Collect$$libshutdown$$00000007)
    .ARM.Collect$$libshutdown$$0000000A      0x08000206   Section        0  libshutdown2.o(.ARM.Collect$$libshutdown$$0000000A)
    .ARM.Collect$$libshutdown$$0000000C      0x08000206   Section        0  libshutdown2.o(.ARM.Collect$$libshutdown$$0000000C)
    .ARM.Collect$$libshutdown$$0000000F      0x08000206   Section        0  libshutdown2.o(.ARM.Collect$$libshutdown$$0000000F)
    .ARM.Collect$$libshutdown$$00000010      0x08000206   Section        2  libshutdown2.o(.ARM.Collect$$libshutdown$$00000010)
    .ARM.Collect$$rtentry$$00000000          0x08000208   Section        0  __rtentry.o(.ARM.Collect$$rtentry$$00000000)
    .ARM.Collect$$rtentry$$00000002          0x08000208   Section        0  __rtentry2.o(.ARM.Collect$$rtentry$$00000002)
    .ARM.Collect$$rtentry$$00000004          0x08000208   Section        6  __rtentry4.o(.ARM.Collect$$rtentry$$00000004)
    .ARM.Collect$$rtentry$$00000009          0x0800020e   Section        0  __rtentry2.o(.ARM.Collect$$rtentry$$00000009)
    .ARM.Collect$$rtentry$$0000000A          0x0800020e   Section        4  __rtentry2.o(.ARM.Collect$$rtentry$$0000000A)
    .ARM.Collect$$rtentry$$0000000C          0x08000212   Section        0  __rtentry2.o(.ARM.Collect$$rtentry$$0000000C)
    .ARM.Collect$$rtentry$$0000000D          0x08000212   Section        8  __rtentry2.o(.ARM.Collect$$rtentry$$0000000D)
    .ARM.Collect$$rtexit$$00000000           0x0800021a   Section        2  rtexit.o(.ARM.Collect$$rtexit$$00000000)
    .ARM.Collect$$rtexit$$00000002           0x0800021c   Section        0  rtexit2.o(.ARM.Collect$$rtexit$$00000002)
    .ARM.Collect$$rtexit$$00000003           0x0800021c   Section        4  rtexit2.o(.ARM.Collect$$rtexit$$00000003)
    .ARM.Collect$$rtexit$$00000004           0x08000220   Section        6  rtexit2.o(.ARM.Collect$$rtexit$$00000004)
    .emb_text                                0x08000228   Section      190  port.o(.emb_text)
    $v0                                      0x08000228   Number         0  port.o(.emb_text)
    .text                                    0x080002e8   Section       64  startup_stm32f407xx.o(.text)
    $v0                                      0x080002e8   Number         0  startup_stm32f407xx.o(.text)
    .text                                    0x08000328   Section      238  lludivv7m.o(.text)
    .text                                    0x08000416   Section        0  strcpy.o(.text)
    .text                                    0x0800045e   Section      138  rt_memcpy_v6.o(.text)
    .text                                    0x080004e8   Section       16  aeabi_memset.o(.text)
    .text                                    0x080004f8   Section        0  heapauxi.o(.text)
    .text                                    0x080004fe   Section      100  rt_memcpy_w.o(.text)
    .text                                    0x08000562   Section       68  rt_memclr.o(.text)
    .text                                    0x080005a6   Section       78  rt_memclr_w.o(.text)
    .text                                    0x080005f4   Section       74  sys_stackheap_outer.o(.text)
    .text                                    0x0800063e   Section        0  exit.o(.text)
    .text                                    0x08000650   Section        8  libspace.o(.text)
    .text                                    0x08000658   Section        0  sys_exit.o(.text)
    .text                                    0x08000664   Section        2  use_no_semi.o(.text)
    .text                                    0x08000666   Section        0  indicate_semi.o(.text)
    i.BusFault_Handler                       0x08000666   Section        0  stm32f4xx_it.o(i.BusFault_Handler)
    i.DebugMon_Handler                       0x08000668   Section        0  stm32f4xx_it.o(i.DebugMon_Handler)
    i.EXTI9_5_IRQHandler                     0x0800066a   Section        0  exti.o(i.EXTI9_5_IRQHandler)
    i.HAL_GPIO_EXTI_Callback                 0x08000670   Section        0  exti.o(i.HAL_GPIO_EXTI_Callback)
    i.HAL_GPIO_EXTI_IRQHandler               0x08000674   Section        0  stm32f4xx_hal_gpio.o(i.HAL_GPIO_EXTI_IRQHandler)
    i.HAL_GPIO_Init                          0x0800068c   Section        0  stm32f4xx_hal_gpio.o(i.HAL_GPIO_Init)
    i.HAL_GPIO_ReadPin                       0x0800084c   Section        0  stm32f4xx_hal_gpio.o(i.HAL_GPIO_ReadPin)
    i.HAL_GPIO_WritePin                      0x08000856   Section        0  stm32f4xx_hal_gpio.o(i.HAL_GPIO_WritePin)
    i.HAL_GetREVID                           0x08000860   Section        0  stm32f4xx_hal.o(i.HAL_GetREVID)
    i.HAL_GetTick                            0x0800086c   Section        0  stm32f4xx_hal.o(i.HAL_GetTick)
    i.HAL_Init                               0x08000878   Section        0  stm32f4xx_hal.o(i.HAL_Init)
    i.HAL_InitTick                           0x080008a4   Section        0  stm32f4xx_hal.o(i.HAL_InitTick)
    i.HAL_MspInit                            0x080008e4   Section        0  stm32f4xx_hal_msp.o(i.HAL_MspInit)
    i.HAL_NVIC_SetPriority                   0x080008e8   Section        0  stm32f4xx_hal_cortex.o(i.HAL_NVIC_SetPriority)
    i.HAL_NVIC_SetPriorityGrouping           0x08000928   Section        0  stm32f4xx_hal_cortex.o(i.HAL_NVIC_SetPriorityGrouping)
    i.HAL_RCC_ClockConfig                    0x0800094c   Section        0  stm32f4xx_hal_rcc.o(i.HAL_RCC_ClockConfig)
    i.HAL_RCC_GetSysClockFreq                0x08000a7c   Section        0  stm32f4xx_hal_rcc.o(i.HAL_RCC_GetSysClockFreq)
    i.HAL_RCC_OscConfig                      0x08000adc   Section        0  stm32f4xx_hal_rcc.o(i.HAL_RCC_OscConfig)
    i.HAL_SYSTICK_CLKSourceConfig            0x08000df0   Section        0  stm32f4xx_hal_cortex.o(i.HAL_SYSTICK_CLKSourceConfig)
    i.HAL_SYSTICK_Config                     0x08000e08   Section        0  stm32f4xx_hal_cortex.o(i.HAL_SYSTICK_Config)
    i.HardFault_Handler                      0x08000e30   Section        0  stm32f4xx_it.o(i.HardFault_Handler)
    i.KEY_Init                               0x08000e34   Section        0  key.o(i.KEY_Init)
    i.KEY_Scan                               0x08000e94   Section        0  key.o(i.KEY_Scan)
    i.LED_Init                               0x08000f60   Section        0  led.o(i.LED_Init)
    i.MemManage_Handler                      0x08000fb0   Section        0  stm32f4xx_it.o(i.MemManage_Handler)
    i.NMI_Handler                            0x08000fb2   Section        0  stm32f4xx_it.o(i.NMI_Handler)
    i.SEGGER_RTT_SetTerminal                 0x08000fb4   Section        0  segger_rtt.o(i.SEGGER_RTT_SetTerminal)
    i.SEGGER_RTT_Write                       0x08001040   Section        0  segger_rtt.o(i.SEGGER_RTT_Write)
    i.SEGGER_RTT_WriteNoLock                 0x08001078   Section        0  segger_rtt.o(i.SEGGER_RTT_WriteNoLock)
    i.SEGGER_RTT_printf                      0x080010d4   Section        0  segger_rtt_printf.o(i.SEGGER_RTT_printf)
    i.SEGGER_RTT_vprintf                     0x080010ea   Section        0  segger_rtt_printf.o(i.SEGGER_RTT_vprintf)
    i.Stm32_Clock_Init                       0x08001268   Section        0  sys.o(i.Stm32_Clock_Init)
    i.SysTick_Handler                        0x080012fc   Section        0  delay.o(i.SysTick_Handler)
    i.SystemInit                             0x08001310   Section        0  system_stm32f4xx.o(i.SystemInit)
    i.UsageFault_Handler                     0x08001364   Section        0  stm32f4xx_it.o(i.UsageFault_Handler)
    i._DoInit                                0x08001368   Section        0  segger_rtt.o(i._DoInit)
    _DoInit                                  0x08001369   Thumb Code    76  segger_rtt.o(i._DoInit)
    i._GetAvailWriteSpace                    0x080013d0   Section        0  segger_rtt.o(i._GetAvailWriteSpace)
    _GetAvailWriteSpace                      0x080013d1   Thumb Code    22  segger_rtt.o(i._GetAvailWriteSpace)
    i._PrintInt                              0x080013e6   Section        0  segger_rtt_printf.o(i._PrintInt)
    _PrintInt                                0x080013e7   Thumb Code   196  segger_rtt_printf.o(i._PrintInt)
    i._PrintUnsigned                         0x080014ac   Section        0  segger_rtt_printf.o(i._PrintUnsigned)
    _PrintUnsigned                           0x080014ad   Thumb Code   200  segger_rtt_printf.o(i._PrintUnsigned)
    i._StoreChar                             0x08001578   Section        0  segger_rtt_printf.o(i._StoreChar)
    _StoreChar                               0x08001579   Thumb Code    62  segger_rtt_printf.o(i._StoreChar)
    i._WriteBlocking                         0x080015b6   Section        0  segger_rtt.o(i._WriteBlocking)
    _WriteBlocking                           0x080015b7   Thumb Code    90  segger_rtt.o(i._WriteBlocking)
    i._WriteNoCheck                          0x08001610   Section        0  segger_rtt.o(i._WriteNoCheck)
    _WriteNoCheck                            0x08001611   Thumb Code    66  segger_rtt.o(i._WriteNoCheck)
    i.__NVIC_SetPriority                     0x08001652   Section        0  stm32f4xx_hal_cortex.o(i.__NVIC_SetPriority)
    __NVIC_SetPriority                       0x08001653   Thumb Code    32  stm32f4xx_hal_cortex.o(i.__NVIC_SetPriority)
    i.delay_init                             0x08001674   Section        0  delay.o(i.delay_init)
    i.delay_ms                               0x080016ac   Section        0  delay.o(i.delay_ms)
    i.delay_us                               0x080016e4   Section        0  delay.o(i.delay_us)
    i.key_Scan                               0x08001718   Section        0  main.o(i.key_Scan)
    i.list_task                              0x0800176c   Section        0  main.o(i.list_task)
    i.main                                   0x0800200c   Section        0  main.o(i.main)
    i.prvAddCurrentTaskToDelayedList         0x0800205c   Section        0  tasks.o(i.prvAddCurrentTaskToDelayedList)
    prvAddCurrentTaskToDelayedList           0x0800205d   Thumb Code   128  tasks.o(i.prvAddCurrentTaskToDelayedList)
    i.prvAddNewTaskToReadyList               0x080020e4   Section        0  tasks.o(i.prvAddNewTaskToReadyList)
    prvAddNewTaskToReadyList                 0x080020e5   Thumb Code   224  tasks.o(i.prvAddNewTaskToReadyList)
    i.prvCheckForValidListAndQueue           0x080021d4   Section        0  timers.o(i.prvCheckForValidListAndQueue)
    prvCheckForValidListAndQueue             0x080021d5   Thumb Code    62  timers.o(i.prvCheckForValidListAndQueue)
    i.prvCopyDataFromQueue                   0x08002224   Section        0  queue.o(i.prvCopyDataFromQueue)
    prvCopyDataFromQueue                     0x08002225   Thumb Code    38  queue.o(i.prvCopyDataFromQueue)
    i.prvCopyDataToQueue                     0x0800224a   Section        0  queue.o(i.prvCopyDataToQueue)
    prvCopyDataToQueue                       0x0800224b   Thumb Code   108  queue.o(i.prvCopyDataToQueue)
    i.prvDeleteTCB                           0x080022b6   Section        0  tasks.o(i.prvDeleteTCB)
    prvDeleteTCB                             0x080022b7   Thumb Code    20  tasks.o(i.prvDeleteTCB)
    i.prvHeapInit                            0x080022cc   Section        0  heap_4.o(i.prvHeapInit)
    prvHeapInit                              0x080022cd   Thumb Code    66  heap_4.o(i.prvHeapInit)
    i.prvIdleTask                            0x08002318   Section        0  tasks.o(i.prvIdleTask)
    prvIdleTask                              0x08002319   Thumb Code    80  tasks.o(i.prvIdleTask)
    i.prvInitialiseNewTask                   0x08002374   Section        0  tasks.o(i.prvInitialiseNewTask)
    prvInitialiseNewTask                     0x08002375   Thumb Code   184  tasks.o(i.prvInitialiseNewTask)
    i.prvInsertBlockIntoFreeList             0x0800242c   Section        0  heap_4.o(i.prvInsertBlockIntoFreeList)
    prvInsertBlockIntoFreeList               0x0800242d   Thumb Code    72  heap_4.o(i.prvInsertBlockIntoFreeList)
    i.prvInsertTimerInActiveList             0x08002478   Section        0  timers.o(i.prvInsertTimerInActiveList)
    prvInsertTimerInActiveList               0x08002479   Thumb Code    52  timers.o(i.prvInsertTimerInActiveList)
    i.prvIsQueueEmpty                        0x080024b0   Section        0  queue.o(i.prvIsQueueEmpty)
    prvIsQueueEmpty                          0x080024b1   Thumb Code    26  queue.o(i.prvIsQueueEmpty)
    i.prvNotifyQueueSetContainer             0x080024ca   Section        0  queue.o(i.prvNotifyQueueSetContainer)
    prvNotifyQueueSetContainer               0x080024cb   Thumb Code   128  queue.o(i.prvNotifyQueueSetContainer)
    i.prvProcessExpiredTimer                 0x0800254c   Section        0  timers.o(i.prvProcessExpiredTimer)
    prvProcessExpiredTimer                   0x0800254d   Thumb Code    58  timers.o(i.prvProcessExpiredTimer)
    i.prvProcessReceivedCommands             0x0800258c   Section        0  timers.o(i.prvProcessReceivedCommands)
    prvProcessReceivedCommands               0x0800258d   Thumb Code   222  timers.o(i.prvProcessReceivedCommands)
    i.prvProcessTimerOrBlockTask             0x08002670   Section        0  timers.o(i.prvProcessTimerOrBlockTask)
    prvProcessTimerOrBlockTask               0x08002671   Thumb Code    98  timers.o(i.prvProcessTimerOrBlockTask)
    i.prvReloadTimer                         0x080026dc   Section        0  timers.o(i.prvReloadTimer)
    prvReloadTimer                           0x080026dd   Thumb Code    40  timers.o(i.prvReloadTimer)
    i.prvResetNextTaskUnblockTime            0x08002704   Section        0  tasks.o(i.prvResetNextTaskUnblockTime)
    prvResetNextTaskUnblockTime              0x08002705   Thumb Code    24  tasks.o(i.prvResetNextTaskUnblockTime)
    i.prvSampleTimeNow                       0x08002720   Section        0  timers.o(i.prvSampleTimeNow)
    prvSampleTimeNow                         0x08002721   Thumb Code    66  timers.o(i.prvSampleTimeNow)
    i.prvTaskExitError                       0x08002768   Section        0  port.o(i.prvTaskExitError)
    prvTaskExitError                         0x08002769   Thumb Code    36  port.o(i.prvTaskExitError)
    i.prvTimerTask                           0x08002790   Section        0  timers.o(i.prvTimerTask)
    prvTimerTask                             0x08002791   Thumb Code    34  timers.o(i.prvTimerTask)
    i.prvUnlockQueue                         0x080027b8   Section        0  queue.o(i.prvUnlockQueue)
    prvUnlockQueue                           0x080027b9   Thumb Code   118  queue.o(i.prvUnlockQueue)
    i.pvPortMalloc                           0x08002830   Section        0  heap_4.o(i.pvPortMalloc)
    i.pxPortInitialiseStack                  0x08002918   Section        0  port.o(i.pxPortInitialiseStack)
    i.start_task                             0x08002944   Section        0  main.o(i.start_task)
    i.task1_task                             0x080029d0   Section        0  main.o(i.task1_task)
    i.task2_task                             0x080029e4   Section        0  main.o(i.task2_task)
    i.uxListRemove                           0x08002a8c   Section        0  list.o(i.uxListRemove)
    i.vListInitialise                        0x08002ab2   Section        0  list.o(i.vListInitialise)
    i.vListInitialiseItem                    0x08002ac8   Section        0  list.o(i.vListInitialiseItem)
    i.vListInsert                            0x08002ace   Section        0  list.o(i.vListInsert)
    i.vListInsertEnd                         0x08002afe   Section        0  list.o(i.vListInsertEnd)
    i.vPortEnterCritical                     0x08002b18   Section        0  port.o(i.vPortEnterCritical)
    i.vPortExitCritical                      0x08002b58   Section        0  port.o(i.vPortExitCritical)
    i.vPortFree                              0x08002b80   Section        0  heap_4.o(i.vPortFree)
    i.vPortSetupTimerInterrupt               0x08002be4   Section        0  port.o(i.vPortSetupTimerInterrupt)
    i.vQueueAddToRegistry                    0x08002c08   Section        0  queue.o(i.vQueueAddToRegistry)
    i.vQueueWaitForMessageRestricted         0x08002c54   Section        0  queue.o(i.vQueueWaitForMessageRestricted)
    i.vTaskDelay                             0x08002c98   Section        0  tasks.o(i.vTaskDelay)
    i.vTaskDelete                            0x08002ce4   Section        0  tasks.o(i.vTaskDelete)
    i.vTaskInternalSetTimeOutState           0x08002d90   Section        0  tasks.o(i.vTaskInternalSetTimeOutState)
    i.vTaskMissedYield                       0x08002da0   Section        0  tasks.o(i.vTaskMissedYield)
    i.vTaskPlaceOnEventList                  0x08002dac   Section        0  tasks.o(i.vTaskPlaceOnEventList)
    i.vTaskPlaceOnEventListRestricted        0x08002ddc   Section        0  tasks.o(i.vTaskPlaceOnEventListRestricted)
    i.vTaskStartScheduler                    0x08002e2c   Section        0  tasks.o(i.vTaskStartScheduler)
    i.vTaskSuspendAll                        0x08002e9c   Section        0  tasks.o(i.vTaskSuspendAll)
    i.vTaskSwitchContext                     0x08002eac   Section        0  tasks.o(i.vTaskSwitchContext)
    i.xPortStartScheduler                    0x08002f08   Section        0  port.o(i.xPortStartScheduler)
    i.xPortSysTickHandler                    0x08002ffc   Section        0  port.o(i.xPortSysTickHandler)
    i.xQueueGenericCreate                    0x08003028   Section        0  queue.o(i.xQueueGenericCreate)
    i.xQueueGenericReset                     0x0800308c   Section        0  queue.o(i.xQueueGenericReset)
    i.xQueueReceive                          0x0800313c   Section        0  queue.o(i.xQueueReceive)
    i.xTaskCheckForTimeOut                   0x08003274   Section        0  tasks.o(i.xTaskCheckForTimeOut)
    i.xTaskCreate                            0x080032f0   Section        0  tasks.o(i.xTaskCreate)
    i.xTaskGetSchedulerState                 0x08003348   Section        0  tasks.o(i.xTaskGetSchedulerState)
    i.xTaskGetTickCount                      0x08003364   Section        0  tasks.o(i.xTaskGetTickCount)
    i.xTaskIncrementTick                     0x08003370   Section        0  tasks.o(i.xTaskIncrementTick)
    i.xTaskPriorityDisinherit                0x08003498   Section        0  tasks.o(i.xTaskPriorityDisinherit)
    i.xTaskRemoveFromEventList               0x08003550   Section        0  tasks.o(i.xTaskRemoveFromEventList)
    i.xTaskResumeAll                         0x0800362c   Section        0  tasks.o(i.xTaskResumeAll)
    i.xTimerCreateTimerTask                  0x08003758   Section        0  timers.o(i.xTimerCreateTimerTask)
    x$fpl$fpinit                             0x080037a4   Section       10  fpinit.o(x$fpl$fpinit)
    $v0                                      0x080037a4   Number         0  fpinit.o(x$fpl$fpinit)
    .constdata                               0x080037ae   Section       16  system_stm32f4xx.o(.constdata)
    .constdata                               0x080037be   Section       16  segger_rtt_printf.o(.constdata)
    _aV2C                                    0x080037be   Data          16  segger_rtt_printf.o(.constdata)
    .data                                    0x20000000   Section       20  main.o(.data)
    key_up                                   0x20000001   Data           1  main.o(.data)
    flag1                                    0x20000002   Data           1  main.o(.data)
    flag2                                    0x20000003   Data           1  main.o(.data)
    .data                                    0x20000014   Section        4  system_stm32f4xx.o(.data)
    .data                                    0x20000018   Section       12  stm32f4xx_hal.o(.data)
    .data                                    0x20000024   Section        4  delay.o(.data)
    fac_us                                   0x20000024   Data           1  delay.o(.data)
    fac_ms                                   0x20000026   Data           2  delay.o(.data)
    .data                                    0x20000028   Section        1  key.o(.data)
    key_up                                   0x20000028   Data           1  key.o(.data)
    .data                                    0x2000002c   Section       12  port.o(.data)
    ucMaxSysCallPriority                     0x2000002c   Data           1  port.o(.data)
    uxCriticalNesting                        0x20000030   Data           4  port.o(.data)
    ulMaxPRIGROUPValue                       0x20000034   Data           4  port.o(.data)
    .data                                    0x20000038   Section       32  heap_4.o(.data)
    pxEnd                                    0x20000038   Data           4  heap_4.o(.data)
    xFreeBytesRemaining                      0x2000003c   Data           4  heap_4.o(.data)
    xMinimumEverFreeBytesRemaining           0x20000040   Data           4  heap_4.o(.data)
    xNumberOfSuccessfulAllocations           0x20000044   Data           4  heap_4.o(.data)
    xNumberOfSuccessfulFrees                 0x20000048   Data           4  heap_4.o(.data)
    xBlockAllocatedBit                       0x2000004c   Data           4  heap_4.o(.data)
    xStart                                   0x20000050   Data           8  heap_4.o(.data)
    .data                                    0x20000058   Section       64  tasks.o(.data)
    uxDeletedTasksWaitingCleanUp             0x2000005c   Data           4  tasks.o(.data)
    uxCurrentNumberOfTasks                   0x20000060   Data           4  tasks.o(.data)
    xTickCount                               0x20000064   Data           4  tasks.o(.data)
    uxTopReadyPriority                       0x20000068   Data           4  tasks.o(.data)
    xSchedulerRunning                        0x2000006c   Data           4  tasks.o(.data)
    xPendedTicks                             0x20000070   Data           4  tasks.o(.data)
    xYieldPending                            0x20000074   Data           4  tasks.o(.data)
    xNumOfOverflows                          0x20000078   Data           4  tasks.o(.data)
    uxTaskNumber                             0x2000007c   Data           4  tasks.o(.data)
    xNextTaskUnblockTime                     0x20000080   Data           4  tasks.o(.data)
    xIdleTaskHandle                          0x20000084   Data           4  tasks.o(.data)
    uxSchedulerSuspended                     0x2000008c   Data           4  tasks.o(.data)
    pxDelayedTaskList                        0x20000090   Data           4  tasks.o(.data)
    pxOverflowDelayedTaskList                0x20000094   Data           4  tasks.o(.data)
    .data                                    0x20000098   Section       20  timers.o(.data)
    xTimerQueue                              0x20000098   Data           4  timers.o(.data)
    xTimerTaskHandle                         0x2000009c   Data           4  timers.o(.data)
    xLastTime                                0x200000a0   Data           4  timers.o(.data)
    pxCurrentTimerList                       0x200000a4   Data           4  timers.o(.data)
    pxOverflowTimerList                      0x200000a8   Data           4  timers.o(.data)
    .data                                    0x200000ac   Section       17  segger_rtt.o(.data)
    _ActiveTerminal                          0x200000ac   Data           1  segger_rtt.o(.data)
    _aTerminalId                             0x200000ad   Data          16  segger_rtt.o(.data)
    .bss                                     0x200000c0   Section       80  main.o(.bss)
    .bss                                     0x20000110   Section    20480  heap_4.o(.bss)
    ucHeap                                   0x20000110   Data       20480  heap_4.o(.bss)
    .bss                                     0x20005110   Section       64  queue.o(.bss)
    .bss                                     0x20005150   Section      740  tasks.o(.bss)
    pxReadyTasksLists                        0x20005150   Data         640  tasks.o(.bss)
    xDelayedTaskList1                        0x200053d0   Data          20  tasks.o(.bss)
    xDelayedTaskList2                        0x200053e4   Data          20  tasks.o(.bss)
    xPendingReadyList                        0x200053f8   Data          20  tasks.o(.bss)
    xTasksWaitingTermination                 0x2000540c   Data          20  tasks.o(.bss)
    xSuspendedTaskList                       0x20005420   Data          20  tasks.o(.bss)
    .bss                                     0x20005434   Section       40  timers.o(.bss)
    xActiveTimerList1                        0x20005434   Data          20  timers.o(.bss)
    xActiveTimerList2                        0x20005448   Data          20  timers.o(.bss)
    .bss                                     0x2000545c   Section     1208  segger_rtt.o(.bss)
    _acUpBuffer                              0x20005504   Data        1024  segger_rtt.o(.bss)
    _acDownBuffer                            0x20005904   Data          16  segger_rtt.o(.bss)
    .bss                                     0x20005914   Section       96  libspace.o(.bss)
    HEAP                                     0x20005978   Section      512  startup_stm32f407xx.o(HEAP)
    Heap_Mem                                 0x20005978   Data         512  startup_stm32f407xx.o(HEAP)
    STACK                                    0x20005b78   Section     1024  startup_stm32f407xx.o(STACK)
    Stack_Mem                                0x20005b78   Data        1024  startup_stm32f407xx.o(STACK)
    __initial_sp                             0x20005f78   Data           0  startup_stm32f407xx.o(STACK)

    Global Symbols

    Symbol Name                              Value     Ov Type        Size  Object(Section)

    BuildAttributes$$THM_ISAv4$E$P$D$K$B$S$7EM$VFPi3$EXTD16$VFPS$VFMA$PE$A:L22UL41UL21$X:L11$S22US41US21$IEEE1$IW$USESV6$~STKCKD$USESV7$~SHL$OSPACE$ROPI$EBA8$UX$STANDARDLIB$REQ8$PRES8$EABIv2 0x00000000   Number         0  anon$$obj.o ABSOLUTE
    __ARM_use_no_argv                        0x00000000   Number         0  main.o ABSOLUTE
    __ARM_exceptions_init                     - Undefined Weak Reference
    __alloca_initialize                       - Undefined Weak Reference
    __arm_preinit_                            - Undefined Weak Reference
    __cpp_initialize__aeabi_                  - Undefined Weak Reference
    __cxa_finalize                            - Undefined Weak Reference
    __rt_locale                               - Undefined Weak Reference
    __sigvec_lookup                           - Undefined Weak Reference
    _atexit_init                              - Undefined Weak Reference
    _call_atexit_fns                          - Undefined Weak Reference
    _clock_init                               - Undefined Weak Reference
    _fp_trap_init                             - Undefined Weak Reference
    _fp_trap_shutdown                         - Undefined Weak Reference
    _get_lc_collate                           - Undefined Weak Reference
    _get_lc_ctype                             - Undefined Weak Reference
    _get_lc_monetary                          - Undefined Weak Reference
    _get_lc_numeric                           - Undefined Weak Reference
    _get_lc_time                              - Undefined Weak Reference
    _getenv_init                              - Undefined Weak Reference
    _handle_redirection                       - Undefined Weak Reference
    _init_alloc                               - Undefined Weak Reference
    _init_user_alloc                          - Undefined Weak Reference
    _initio                                   - Undefined Weak Reference
    _printf_mbtowc                            - Undefined Weak Reference
    _printf_post_padding                      - Undefined Weak Reference
    _printf_pre_padding                       - Undefined Weak Reference
    _printf_truncate_signed                   - Undefined Weak Reference
    _printf_truncate_unsigned                 - Undefined Weak Reference
    _rand_init                                - Undefined Weak Reference
    _signal_finish                            - Undefined Weak Reference
    _signal_init                              - Undefined Weak Reference
    _terminate_alloc                          - Undefined Weak Reference
    _terminate_user_alloc                     - Undefined Weak Reference
    _terminateio                              - Undefined Weak Reference
    __Vectors_Size                           0x00000188   Number         0  startup_stm32f407xx.o ABSOLUTE
    __Vectors                                0x08000000   Data           4  startup_stm32f407xx.o(RESET)
    __Vectors_End                            0x08000188   Data           0  startup_stm32f407xx.o(RESET)
    __main                                   0x08000189   Thumb Code     8  __main.o(!!!main)
    __scatterload                            0x08000191   Thumb Code     0  __scatter.o(!!!scatter)
    __scatterload_rt2                        0x08000191   Thumb Code    44  __scatter.o(!!!scatter)
    __scatterload_rt2_thumb_only             0x08000191   Thumb Code     0  __scatter.o(!!!scatter)
    __scatterload_null                       0x0800019f   Thumb Code     0  __scatter.o(!!!scatter)
    __scatterload_copy                       0x080001c5   Thumb Code    26  __scatter_copy.o(!!handler_copy)
    __scatterload_zeroinit                   0x080001e1   Thumb Code    28  __scatter_zi.o(!!handler_zi)
    __rt_lib_init                            0x080001fd   Thumb Code     0  libinit.o(.ARM.Collect$$libinit$$00000000)
    __rt_lib_init_fp_1                       0x080001ff   Thumb Code     0  libinit2.o(.ARM.Collect$$libinit$$00000001)
    __rt_lib_init_alloca_1                   0x08000203   Thumb Code     0  libinit2.o(.ARM.Collect$$libinit$$0000002E)
    __rt_lib_init_argv_1                     0x08000203   Thumb Code     0  libinit2.o(.ARM.Collect$$libinit$$0000002C)
    __rt_lib_init_atexit_1                   0x08000203   Thumb Code     0  libinit2.o(.ARM.Collect$$libinit$$0000001B)
    __rt_lib_init_clock_1                    0x08000203   Thumb Code     0  libinit2.o(.ARM.Collect$$libinit$$00000021)
    __rt_lib_init_cpp_1                      0x08000203   Thumb Code     0  libinit2.o(.ARM.Collect$$libinit$$00000032)
    __rt_lib_init_exceptions_1               0x08000203   Thumb Code     0  libinit2.o(.ARM.Collect$$libinit$$00000030)
    __rt_lib_init_fp_trap_1                  0x08000203   Thumb Code     0  libinit2.o(.ARM.Collect$$libinit$$0000001F)
    __rt_lib_init_getenv_1                   0x08000203   Thumb Code     0  libinit2.o(.ARM.Collect$$libinit$$00000023)
    __rt_lib_init_heap_1                     0x08000203   Thumb Code     0  libinit2.o(.ARM.Collect$$libinit$$0000000A)
    __rt_lib_init_lc_collate_1               0x08000203   Thumb Code     0  libinit2.o(.ARM.Collect$$libinit$$00000011)
    __rt_lib_init_lc_ctype_1                 0x08000203   Thumb Code     0  libinit2.o(.ARM.Collect$$libinit$$00000013)
    __rt_lib_init_lc_monetary_1              0x08000203   Thumb Code     0  libinit2.o(.ARM.Collect$$libinit$$00000015)
    __rt_lib_init_lc_numeric_1               0x08000203   Thumb Code     0  libinit2.o(.ARM.Collect$$libinit$$00000017)
    __rt_lib_init_lc_time_1                  0x08000203   Thumb Code     0  libinit2.o(.ARM.Collect$$libinit$$00000019)
    __rt_lib_init_preinit_1                  0x08000203   Thumb Code     0  libinit2.o(.ARM.Collect$$libinit$$00000004)
    __rt_lib_init_rand_1                     0x08000203   Thumb Code     0  libinit2.o(.ARM.Collect$$libinit$$0000000E)
    __rt_lib_init_return                     0x08000203   Thumb Code     0  libinit2.o(.ARM.Collect$$libinit$$00000033)
    __rt_lib_init_signal_1                   0x08000203   Thumb Code     0  libinit2.o(.ARM.Collect$$libinit$$0000001D)
    __rt_lib_init_stdio_1                    0x08000203   Thumb Code     0  libinit2.o(.ARM.Collect$$libinit$$00000025)
    __rt_lib_init_user_alloc_1               0x08000203   Thumb Code     0  libinit2.o(.ARM.Collect$$libinit$$0000000C)
    __rt_lib_shutdown                        0x08000205   Thumb Code     0  libshutdown.o(.ARM.Collect$$libshutdown$$00000000)
    __rt_lib_shutdown_cpp_1                  0x08000207   Thumb Code     0  libshutdown2.o(.ARM.Collect$$libshutdown$$00000002)
    __rt_lib_shutdown_fp_trap_1              0x08000207   Thumb Code     0  libshutdown2.o(.ARM.Collect$$libshutdown$$00000007)
    __rt_lib_shutdown_heap_1                 0x08000207   Thumb Code     0  libshutdown2.o(.ARM.Collect$$libshutdown$$0000000F)
    __rt_lib_shutdown_return                 0x08000207   Thumb Code     0  libshutdown2.o(.ARM.Collect$$libshutdown$$00000010)
    __rt_lib_shutdown_signal_1               0x08000207   Thumb Code     0  libshutdown2.o(.ARM.Collect$$libshutdown$$0000000A)
    __rt_lib_shutdown_stdio_1                0x08000207   Thumb Code     0  libshutdown2.o(.ARM.Collect$$libshutdown$$00000004)
    __rt_lib_shutdown_user_alloc_1           0x08000207   Thumb Code     0  libshutdown2.o(.ARM.Collect$$libshutdown$$0000000C)
    __rt_entry                               0x08000209   Thumb Code     0  __rtentry.o(.ARM.Collect$$rtentry$$00000000)
    __rt_entry_presh_1                       0x08000209   Thumb Code     0  __rtentry2.o(.ARM.Collect$$rtentry$$00000002)
    __rt_entry_sh                            0x08000209   Thumb Code     0  __rtentry4.o(.ARM.Collect$$rtentry$$00000004)
    __rt_entry_li                            0x0800020f   Thumb Code     0  __rtentry2.o(.ARM.Collect$$rtentry$$0000000A)
    __rt_entry_postsh_1                      0x0800020f   Thumb Code     0  __rtentry2.o(.ARM.Collect$$rtentry$$00000009)
    __rt_entry_main                          0x08000213   Thumb Code     0  __rtentry2.o(.ARM.Collect$$rtentry$$0000000D)
    __rt_entry_postli_1                      0x08000213   Thumb Code     0  __rtentry2.o(.ARM.Collect$$rtentry$$0000000C)
    __rt_exit                                0x0800021b   Thumb Code     0  rtexit.o(.ARM.Collect$$rtexit$$00000000)
    __rt_exit_ls                             0x0800021d   Thumb Code     0  rtexit2.o(.ARM.Collect$$rtexit$$00000003)
    __rt_exit_prels_1                        0x0800021d   Thumb Code     0  rtexit2.o(.ARM.Collect$$rtexit$$00000002)
    __rt_exit_exit                           0x08000221   Thumb Code     0  rtexit2.o(.ARM.Collect$$rtexit$$00000004)
    SVC_Handler                              0x08000229   Thumb Code    28  port.o(.emb_text)
    __asm___6_port_c_39a90d8d__prvStartFirstTask 0x08000249   Thumb Code    36  port.o(.emb_text)
    __asm___6_port_c_39a90d8d__prvEnableVFP  0x08000271   Thumb Code    16  port.o(.emb_text)
    PendSV_Handler                           0x08000285   Thumb Code    88  port.o(.emb_text)
    vPortGetIPSR                             0x080002e1   Thumb Code     6  port.o(.emb_text)
    Reset_Handler                            0x080002e9   Thumb Code     8  startup_stm32f407xx.o(.text)
    ADC_IRQHandler                           0x08000303   Thumb Code     0  startup_stm32f407xx.o(.text)
    CAN1_RX0_IRQHandler                      0x08000303   Thumb Code     0  startup_stm32f407xx.o(.text)
    CAN1_RX1_IRQHandler                      0x08000303   Thumb Code     0  startup_stm32f407xx.o(.text)
    CAN1_SCE_IRQHandler                      0x08000303   Thumb Code     0  startup_stm32f407xx.o(.text)
    CAN1_TX_IRQHandler                       0x08000303   Thumb Code     0  startup_stm32f407xx.o(.text)
    CAN2_RX0_IRQHandler                      0x08000303   Thumb Code     0  startup_stm32f407xx.o(.text)
    CAN2_RX1_IRQHandler                      0x08000303   Thumb Code     0  startup_stm32f407xx.o(.text)
    CAN2_SCE_IRQHandler                      0x08000303   Thumb Code     0  startup_stm32f407xx.o(.text)
    CAN2_TX_IRQHandler                       0x08000303   Thumb Code     0  startup_stm32f407xx.o(.text)
    DCMI_IRQHandler                          0x08000303   Thumb Code     0  startup_stm32f407xx.o(.text)
    DMA1_Stream0_IRQHandler                  0x08000303   Thumb Code     0  startup_stm32f407xx.o(.text)
    DMA1_Stream1_IRQHandler                  0x08000303   Thumb Code     0  startup_stm32f407xx.o(.text)
    DMA1_Stream2_IRQHandler                  0x08000303   Thumb Code     0  startup_stm32f407xx.o(.text)
    DMA1_Stream3_IRQHandler                  0x08000303   Thumb Code     0  startup_stm32f407xx.o(.text)
    DMA1_Stream4_IRQHandler                  0x08000303   Thumb Code     0  startup_stm32f407xx.o(.text)
    DMA1_Stream5_IRQHandler                  0x08000303   Thumb Code     0  startup_stm32f407xx.o(.text)
    DMA1_Stream6_IRQHandler                  0x08000303   Thumb Code     0  startup_stm32f407xx.o(.text)
    DMA1_Stream7_IRQHandler                  0x08000303   Thumb Code     0  startup_stm32f407xx.o(.text)
    DMA2_Stream0_IRQHandler                  0x08000303   Thumb Code     0  startup_stm32f407xx.o(.text)
    DMA2_Stream1_IRQHandler                  0x08000303   Thumb Code     0  startup_stm32f407xx.o(.text)
    DMA2_Stream2_IRQHandler                  0x08000303   Thumb Code     0  startup_stm32f407xx.o(.text)
    DMA2_Stream3_IRQHandler                  0x08000303   Thumb Code     0  startup_stm32f407xx.o(.text)
    DMA2_Stream4_IRQHandler                  0x08000303   Thumb Code     0  startup_stm32f407xx.o(.text)
    DMA2_Stream5_IRQHandler                  0x08000303   Thumb Code     0  startup_stm32f407xx.o(.text)
    DMA2_Stream6_IRQHandler                  0x08000303   Thumb Code     0  startup_stm32f407xx.o(.text)
    DMA2_Stream7_IRQHandler                  0x08000303   Thumb Code     0  startup_stm32f407xx.o(.text)
    ETH_IRQHandler                           0x08000303   Thumb Code     0  startup_stm32f407xx.o(.text)
    ETH_WKUP_IRQHandler                      0x08000303   Thumb Code     0  startup_stm32f407xx.o(.text)
    EXTI0_IRQHandler                         0x08000303   Thumb Code     0  startup_stm32f407xx.o(.text)
    EXTI15_10_IRQHandler                     0x08000303   Thumb Code     0  startup_stm32f407xx.o(.text)
    EXTI1_IRQHandler                         0x08000303   Thumb Code     0  startup_stm32f407xx.o(.text)
    EXTI2_IRQHandler                         0x08000303   Thumb Code     0  startup_stm32f407xx.o(.text)
    EXTI3_IRQHandler                         0x08000303   Thumb Code     0  startup_stm32f407xx.o(.text)
    EXTI4_IRQHandler                         0x08000303   Thumb Code     0  startup_stm32f407xx.o(.text)
    FLASH_IRQHandler                         0x08000303   Thumb Code     0  startup_stm32f407xx.o(.text)
    FMC_IRQHandler                           0x08000303   Thumb Code     0  startup_stm32f407xx.o(.text)
    FPU_IRQHandler                           0x08000303   Thumb Code     0  startup_stm32f407xx.o(.text)
    HASH_RNG_IRQHandler                      0x08000303   Thumb Code     0  startup_stm32f407xx.o(.text)
    I2C1_ER_IRQHandler                       0x08000303   Thumb Code     0  startup_stm32f407xx.o(.text)
    I2C1_EV_IRQHandler                       0x08000303   Thumb Code     0  startup_stm32f407xx.o(.text)
    I2C2_ER_IRQHandler                       0x08000303   Thumb Code     0  startup_stm32f407xx.o(.text)
    I2C2_EV_IRQHandler                       0x08000303   Thumb Code     0  startup_stm32f407xx.o(.text)
    I2C3_ER_IRQHandler                       0x08000303   Thumb Code     0  startup_stm32f407xx.o(.text)
    I2C3_EV_IRQHandler                       0x08000303   Thumb Code     0  startup_stm32f407xx.o(.text)
    OTG_FS_IRQHandler                        0x08000303   Thumb Code     0  startup_stm32f407xx.o(.text)
    OTG_FS_WKUP_IRQHandler                   0x08000303   Thumb Code     0  startup_stm32f407xx.o(.text)
    OTG_HS_EP1_IN_IRQHandler                 0x08000303   Thumb Code     0  startup_stm32f407xx.o(.text)
    OTG_HS_EP1_OUT_IRQHandler                0x08000303   Thumb Code     0  startup_stm32f407xx.o(.text)
    OTG_HS_IRQHandler                        0x08000303   Thumb Code     0  startup_stm32f407xx.o(.text)
    OTG_HS_WKUP_IRQHandler                   0x08000303   Thumb Code     0  startup_stm32f407xx.o(.text)
    PVD_IRQHandler                           0x08000303   Thumb Code     0  startup_stm32f407xx.o(.text)
    RCC_IRQHandler                           0x08000303   Thumb Code     0  startup_stm32f407xx.o(.text)
    RTC_Alarm_IRQHandler                     0x08000303   Thumb Code     0  startup_stm32f407xx.o(.text)
    RTC_WKUP_IRQHandler                      0x08000303   Thumb Code     0  startup_stm32f407xx.o(.text)
    SDIO_IRQHandler                          0x08000303   Thumb Code     0  startup_stm32f407xx.o(.text)
    SPI1_IRQHandler                          0x08000303   Thumb Code     0  startup_stm32f407xx.o(.text)
    SPI2_IRQHandler                          0x08000303   Thumb Code     0  startup_stm32f407xx.o(.text)
    SPI3_IRQHandler                          0x08000303   Thumb Code     0  startup_stm32f407xx.o(.text)
    TAMP_STAMP_IRQHandler                    0x08000303   Thumb Code     0  startup_stm32f407xx.o(.text)
    TIM1_BRK_TIM9_IRQHandler                 0x08000303   Thumb Code     0  startup_stm32f407xx.o(.text)
    TIM1_CC_IRQHandler                       0x08000303   Thumb Code     0  startup_stm32f407xx.o(.text)
    TIM1_TRG_COM_TIM11_IRQHandler            0x08000303   Thumb Code     0  startup_stm32f407xx.o(.text)
    TIM1_UP_TIM10_IRQHandler                 0x08000303   Thumb Code     0  startup_stm32f407xx.o(.text)
    TIM2_IRQHandler                          0x08000303   Thumb Code     0  startup_stm32f407xx.o(.text)
    TIM3_IRQHandler                          0x08000303   Thumb Code     0  startup_stm32f407xx.o(.text)
    TIM4_IRQHandler                          0x08000303   Thumb Code     0  startup_stm32f407xx.o(.text)
    TIM5_IRQHandler                          0x08000303   Thumb Code     0  startup_stm32f407xx.o(.text)
    TIM6_DAC_IRQHandler                      0x08000303   Thumb Code     0  startup_stm32f407xx.o(.text)
    TIM7_IRQHandler                          0x08000303   Thumb Code     0  startup_stm32f407xx.o(.text)
    TIM8_BRK_TIM12_IRQHandler                0x08000303   Thumb Code     0  startup_stm32f407xx.o(.text)
    TIM8_CC_IRQHandler                       0x08000303   Thumb Code     0  startup_stm32f407xx.o(.text)
    TIM8_TRG_COM_TIM14_IRQHandler            0x08000303   Thumb Code     0  startup_stm32f407xx.o(.text)
    TIM8_UP_TIM13_IRQHandler                 0x08000303   Thumb Code     0  startup_stm32f407xx.o(.text)
    UART4_IRQHandler                         0x08000303   Thumb Code     0  startup_stm32f407xx.o(.text)
    UART5_IRQHandler                         0x08000303   Thumb Code     0  startup_stm32f407xx.o(.text)
    USART1_IRQHandler                        0x08000303   Thumb Code     0  startup_stm32f407xx.o(.text)
    USART2_IRQHandler                        0x08000303   Thumb Code     0  startup_stm32f407xx.o(.text)
    USART3_IRQHandler                        0x08000303   Thumb Code     0  startup_stm32f407xx.o(.text)
    USART6_IRQHandler                        0x08000303   Thumb Code     0  startup_stm32f407xx.o(.text)
    WWDG_IRQHandler                          0x08000303   Thumb Code     0  startup_stm32f407xx.o(.text)
    __user_initial_stackheap                 0x08000305   Thumb Code     0  startup_stm32f407xx.o(.text)
    __aeabi_uldivmod                         0x08000329   Thumb Code     0  lludivv7m.o(.text)
    _ll_udiv                                 0x08000329   Thumb Code   238  lludivv7m.o(.text)
    strcpy                                   0x08000417   Thumb Code    72  strcpy.o(.text)
    __aeabi_memcpy                           0x0800045f   Thumb Code     0  rt_memcpy_v6.o(.text)
    __rt_memcpy                              0x0800045f   Thumb Code   138  rt_memcpy_v6.o(.text)
    _memcpy_lastbytes                        0x080004c5   Thumb Code     0  rt_memcpy_v6.o(.text)
    __aeabi_memset                           0x080004e9   Thumb Code    16  aeabi_memset.o(.text)
    __use_two_region_memory                  0x080004f9   Thumb Code     2  heapauxi.o(.text)
    __rt_heap_escrow$2region                 0x080004fb   Thumb Code     2  heapauxi.o(.text)
    __rt_heap_expand$2region                 0x080004fd   Thumb Code     2  heapauxi.o(.text)
    __aeabi_memcpy4                          0x080004ff   Thumb Code     0  rt_memcpy_w.o(.text)
    __aeabi_memcpy8                          0x080004ff   Thumb Code     0  rt_memcpy_w.o(.text)
    __rt_memcpy_w                            0x080004ff   Thumb Code   100  rt_memcpy_w.o(.text)
    _memcpy_lastbytes_aligned                0x08000547   Thumb Code     0  rt_memcpy_w.o(.text)
    __aeabi_memclr                           0x08000563   Thumb Code     0  rt_memclr.o(.text)
    __rt_memclr                              0x08000563   Thumb Code    68  rt_memclr.o(.text)
    _memset                                  0x08000567   Thumb Code     0  rt_memclr.o(.text)
    __aeabi_memclr4                          0x080005a7   Thumb Code     0  rt_memclr_w.o(.text)
    __aeabi_memclr8                          0x080005a7   Thumb Code     0  rt_memclr_w.o(.text)
    __rt_memclr_w                            0x080005a7   Thumb Code    78  rt_memclr_w.o(.text)
    _memset_w                                0x080005ab   Thumb Code     0  rt_memclr_w.o(.text)
    __user_setup_stackheap                   0x080005f5   Thumb Code    74  sys_stackheap_outer.o(.text)
    exit                                     0x0800063f   Thumb Code    18  exit.o(.text)
    __user_libspace                          0x08000651   Thumb Code     8  libspace.o(.text)
    __user_perproc_libspace                  0x08000651   Thumb Code     0  libspace.o(.text)
    __user_perthread_libspace                0x08000651   Thumb Code     0  libspace.o(.text)
    _sys_exit                                0x08000659   Thumb Code     8  sys_exit.o(.text)
    __I$use$semihosting                      0x08000665   Thumb Code     0  use_no_semi.o(.text)
    __use_no_semihosting_swi                 0x08000665   Thumb Code     2  use_no_semi.o(.text)
    BusFault_Handler                         0x08000667   Thumb Code     2  stm32f4xx_it.o(i.BusFault_Handler)
    __semihosting_library_function           0x08000667   Thumb Code     0  indicate_semi.o(.text)
    DebugMon_Handler                         0x08000669   Thumb Code     2  stm32f4xx_it.o(i.DebugMon_Handler)
    EXTI9_5_IRQHandler                       0x0800066b   Thumb Code     6  exti.o(i.EXTI9_5_IRQHandler)
    HAL_GPIO_EXTI_Callback                   0x08000671   Thumb Code     2  exti.o(i.HAL_GPIO_EXTI_Callback)
    HAL_GPIO_EXTI_IRQHandler                 0x08000675   Thumb Code    18  stm32f4xx_hal_gpio.o(i.HAL_GPIO_EXTI_IRQHandler)
    HAL_GPIO_Init                            0x0800068d   Thumb Code   402  stm32f4xx_hal_gpio.o(i.HAL_GPIO_Init)
    HAL_GPIO_ReadPin                         0x0800084d   Thumb Code    10  stm32f4xx_hal_gpio.o(i.HAL_GPIO_ReadPin)
    HAL_GPIO_WritePin                        0x08000857   Thumb Code    10  stm32f4xx_hal_gpio.o(i.HAL_GPIO_WritePin)
    HAL_GetREVID                             0x08000861   Thumb Code     8  stm32f4xx_hal.o(i.HAL_GetREVID)
    HAL_GetTick                              0x0800086d   Thumb Code     6  stm32f4xx_hal.o(i.HAL_GetTick)
    HAL_Init                                 0x08000879   Thumb Code    40  stm32f4xx_hal.o(i.HAL_Init)
    HAL_InitTick                             0x080008a5   Thumb Code    54  stm32f4xx_hal.o(i.HAL_InitTick)
    HAL_MspInit                              0x080008e5   Thumb Code     2  stm32f4xx_hal_msp.o(i.HAL_MspInit)
    HAL_NVIC_SetPriority                     0x080008e9   Thumb Code    60  stm32f4xx_hal_cortex.o(i.HAL_NVIC_SetPriority)
    HAL_NVIC_SetPriorityGrouping             0x08000929   Thumb Code    26  stm32f4xx_hal_cortex.o(i.HAL_NVIC_SetPriorityGrouping)
    HAL_RCC_ClockConfig                      0x0800094d   Thumb Code   286  stm32f4xx_hal_rcc.o(i.HAL_RCC_ClockConfig)
    HAL_RCC_GetSysClockFreq                  0x08000a7d   Thumb Code    88  stm32f4xx_hal_rcc.o(i.HAL_RCC_GetSysClockFreq)
    HAL_RCC_OscConfig                        0x08000add   Thumb Code   766  stm32f4xx_hal_rcc.o(i.HAL_RCC_OscConfig)
    HAL_SYSTICK_CLKSourceConfig              0x08000df1   Thumb Code    24  stm32f4xx_hal_cortex.o(i.HAL_SYSTICK_CLKSourceConfig)
    HAL_SYSTICK_Config                       0x08000e09   Thumb Code    40  stm32f4xx_hal_cortex.o(i.HAL_SYSTICK_Config)
    HardFault_Handler                        0x08000e31   Thumb Code     2  stm32f4xx_it.o(i.HardFault_Handler)
    KEY_Init                                 0x08000e35   Thumb Code    82  key.o(i.KEY_Init)
    KEY_Scan                                 0x08000e95   Thumb Code   192  key.o(i.KEY_Scan)
    LED_Init                                 0x08000f61   Thumb Code    72  led.o(i.LED_Init)
    MemManage_Handler                        0x08000fb1   Thumb Code     2  stm32f4xx_it.o(i.MemManage_Handler)
    NMI_Handler                              0x08000fb3   Thumb Code     2  stm32f4xx_it.o(i.NMI_Handler)
    SEGGER_RTT_SetTerminal                   0x08000fb5   Thumb Code   132  segger_rtt.o(i.SEGGER_RTT_SetTerminal)
    SEGGER_RTT_Write                         0x08001041   Thumb Code    50  segger_rtt.o(i.SEGGER_RTT_Write)
    SEGGER_RTT_WriteNoLock                   0x08001079   Thumb Code    86  segger_rtt.o(i.SEGGER_RTT_WriteNoLock)
    SEGGER_RTT_printf                        0x080010d5   Thumb Code    22  segger_rtt_printf.o(i.SEGGER_RTT_printf)
    SEGGER_RTT_vprintf                       0x080010eb   Thumb Code   382  segger_rtt_printf.o(i.SEGGER_RTT_vprintf)
    Stm32_Clock_Init                         0x08001269   Thumb Code   134  sys.o(i.Stm32_Clock_Init)
    SysTick_Handler                          0x080012fd   Thumb Code    20  delay.o(i.SysTick_Handler)
    SystemInit                               0x08001311   Thumb Code    66  system_stm32f4xx.o(i.SystemInit)
    UsageFault_Handler                       0x08001365   Thumb Code     2  stm32f4xx_it.o(i.UsageFault_Handler)
    delay_init                               0x08001675   Thumb Code    50  delay.o(i.delay_init)
    delay_ms                                 0x080016ad   Thumb Code    52  delay.o(i.delay_ms)
    delay_us                                 0x080016e5   Thumb Code    48  delay.o(i.delay_us)
    key_Scan                                 0x08001719   Thumb Code    76  main.o(i.key_Scan)
    list_task                                0x0800176d   Thumb Code  1968  main.o(i.list_task)
    main                                     0x0800200d   Thumb Code    60  main.o(i.main)
    pvPortMalloc                             0x08002831   Thumb Code   228  heap_4.o(i.pvPortMalloc)
    pxPortInitialiseStack                    0x08002919   Thumb Code    40  port.o(i.pxPortInitialiseStack)
    start_task                               0x08002945   Thumb Code    86  main.o(i.start_task)
    task1_task                               0x080029d1   Thumb Code    16  main.o(i.task1_task)
    task2_task                               0x080029e5   Thumb Code   128  main.o(i.task2_task)
    uxListRemove                             0x08002a8d   Thumb Code    38  list.o(i.uxListRemove)
    vListInitialise                          0x08002ab3   Thumb Code    22  list.o(i.vListInitialise)
    vListInitialiseItem                      0x08002ac9   Thumb Code     6  list.o(i.vListInitialiseItem)
    vListInsert                              0x08002acf   Thumb Code    48  list.o(i.vListInsert)
    vListInsertEnd                           0x08002aff   Thumb Code    24  list.o(i.vListInsertEnd)
    vPortEnterCritical                       0x08002b19   Thumb Code    54  port.o(i.vPortEnterCritical)
    vPortExitCritical                        0x08002b59   Thumb Code    34  port.o(i.vPortExitCritical)
    vPortFree                                0x08002b81   Thumb Code    94  heap_4.o(i.vPortFree)
    vPortSetupTimerInterrupt                 0x08002be5   Thumb Code    32  port.o(i.vPortSetupTimerInterrupt)
    vQueueAddToRegistry                      0x08002c09   Thumb Code    72  queue.o(i.vQueueAddToRegistry)
    vQueueWaitForMessageRestricted           0x08002c55   Thumb Code    68  queue.o(i.vQueueWaitForMessageRestricted)
    vTaskDelay                               0x08002c99   Thumb Code    66  tasks.o(i.vTaskDelay)
    vTaskDelete                              0x08002ce5   Thumb Code   156  tasks.o(i.vTaskDelete)
    vTaskInternalSetTimeOutState             0x08002d91   Thumb Code    12  tasks.o(i.vTaskInternalSetTimeOutState)
    vTaskMissedYield                         0x08002da1   Thumb Code     8  tasks.o(i.vTaskMissedYield)
    vTaskPlaceOnEventList                    0x08002dad   Thumb Code    44  tasks.o(i.vTaskPlaceOnEventList)
    vTaskPlaceOnEventListRestricted          0x08002ddd   Thumb Code    76  tasks.o(i.vTaskPlaceOnEventListRestricted)
    vTaskStartScheduler                      0x08002e2d   Thumb Code    94  tasks.o(i.vTaskStartScheduler)
    vTaskSuspendAll                          0x08002e9d   Thumb Code    10  tasks.o(i.vTaskSuspendAll)
    vTaskSwitchContext                       0x08002ead   Thumb Code    82  tasks.o(i.vTaskSwitchContext)
    xPortStartScheduler                      0x08002f09   Thumb Code   224  port.o(i.xPortStartScheduler)
    xPortSysTickHandler                      0x08002ffd   Thumb Code    38  port.o(i.xPortSysTickHandler)
    xQueueGenericCreate                      0x08003029   Thumb Code    98  queue.o(i.xQueueGenericCreate)
    xQueueGenericReset                       0x0800308d   Thumb Code   170  queue.o(i.xQueueGenericReset)
    xQueueReceive                            0x0800313d   Thumb Code   308  queue.o(i.xQueueReceive)
    xTaskCheckForTimeOut                     0x08003275   Thumb Code   118  tasks.o(i.xTaskCheckForTimeOut)
    xTaskCreate                              0x080032f1   Thumb Code    86  tasks.o(i.xTaskCreate)
    xTaskGetSchedulerState                   0x08003349   Thumb Code    22  tasks.o(i.xTaskGetSchedulerState)
    xTaskGetTickCount                        0x08003365   Thumb Code     6  tasks.o(i.xTaskGetTickCount)
    xTaskIncrementTick                       0x08003371   Thumb Code   286  tasks.o(i.xTaskIncrementTick)
    xTaskPriorityDisinherit                  0x08003499   Thumb Code   174  tasks.o(i.xTaskPriorityDisinherit)
    xTaskRemoveFromEventList                 0x08003551   Thumb Code   208  tasks.o(i.xTaskRemoveFromEventList)
    xTaskResumeAll                           0x0800362d   Thumb Code   282  tasks.o(i.xTaskResumeAll)
    xTimerCreateTimerTask                    0x08003759   Thumb Code    58  timers.o(i.xTimerCreateTimerTask)
    _fp_init                                 0x080037a5   Thumb Code    10  fpinit.o(x$fpl$fpinit)
    __fplib_config_fpu_vfp                   0x080037ad   Thumb Code     0  fpinit.o(x$fpl$fpinit)
    __fplib_config_pureend_doubles           0x080037ad   Thumb Code     0  fpinit.o(x$fpl$fpinit)
    AHBPrescTable                            0x080037ae   Data          16  system_stm32f4xx.o(.constdata)
    Region$$Table$$Base                      0x080037d0   Number         0  anon$$obj.o(Region$$Table)
    Region$$Table$$Limit                     0x080037f0   Number         0  anon$$obj.o(Region$$Table)
    kValue                                   0x20000000   Data           1  main.o(.data)
    StartTask_Handler                        0x20000004   Data           4  main.o(.data)
    Task1Task_Handler                        0x20000008   Data           4  main.o(.data)
    Task2Task_Handler                        0x2000000c   Data           4  main.o(.data)
    ListTask_Handler                         0x20000010   Data           4  main.o(.data)
    SystemCoreClock                          0x20000014   Data           4  system_stm32f4xx.o(.data)
    uwTickFreq                               0x20000018   Data           1  stm32f4xx_hal.o(.data)
    uwTickPrio                               0x2000001c   Data           4  stm32f4xx_hal.o(.data)
    uwTick                                   0x20000020   Data           4  stm32f4xx_hal.o(.data)
    pxCurrentTCB                             0x20000058   Data           4  tasks.o(.data)
    uxTopUsedPriority                        0x20000088   Data           4  tasks.o(.data)
    TestList                                 0x200000c0   Data          20  main.o(.bss)
    ListItem1                                0x200000d4   Data          20  main.o(.bss)
    ListItem2                                0x200000e8   Data          20  main.o(.bss)
    ListItem3                                0x200000fc   Data          20  main.o(.bss)
    xQueueRegistry                           0x20005110   Data          64  queue.o(.bss)
    _SEGGER_RTT                              0x2000545c   Data         168  segger_rtt.o(.bss)
    __libspace_start                         0x20005914   Data          96  libspace.o(.bss)
    __temporary_stack_top$libspace           0x20005974   Data           0  libspace.o(.bss)



==============================================================================

Memory Map of the image

  Image Entry point : 0x08000189

  Load Region LR_IROM1 (Base: 0x08000000, Size: 0x000038b0, Max: 0x00100000, ABSOLUTE)

    Execution Region ER_IROM1 (Exec base: 0x08000000, Load base: 0x08000000, Size: 0x000037f0, Max: 0x00100000, ABSOLUTE)

    Exec Addr    Load Addr    Size         Type   Attr      Idx    E Section Name        Object

    0x08000000   0x08000000   0x00000188   Data   RO          542    RESET               startup_stm32f407xx.o
    0x08000188   0x08000188   0x00000008   Code   RO         5684  * !!!main             c_w.l(__main.o)
    0x08000190   0x08000190   0x00000034   Code   RO         5885    !!!scatter          c_w.l(__scatter.o)
    0x080001c4   0x080001c4   0x0000001a   Code   RO         5887    !!handler_copy      c_w.l(__scatter_copy.o)
    0x080001de   0x080001de   0x00000002   PAD
    0x080001e0   0x080001e0   0x0000001c   Code   RO         5889    !!handler_zi        c_w.l(__scatter_zi.o)
    0x080001fc   0x080001fc   0x00000002   Code   RO         5755    .ARM.Collect$$libinit$$00000000  c_w.l(libinit.o)
    0x080001fe   0x080001fe   0x00000004   Code   RO         5767    .ARM.Collect$$libinit$$00000001  c_w.l(libinit2.o)
    0x08000202   0x08000202   0x00000000   Code   RO         5770    .ARM.Collect$$libinit$$00000004  c_w.l(libinit2.o)
    0x08000202   0x08000202   0x00000000   Code   RO         5773    .ARM.Collect$$libinit$$0000000A  c_w.l(libinit2.o)
    0x08000202   0x08000202   0x00000000   Code   RO         5775    .ARM.Collect$$libinit$$0000000C  c_w.l(libinit2.o)
    0x08000202   0x08000202   0x00000000   Code   RO         5777    .ARM.Collect$$libinit$$0000000E  c_w.l(libinit2.o)
    0x08000202   0x08000202   0x00000000   Code   RO         5780    .ARM.Collect$$libinit$$00000011  c_w.l(libinit2.o)
    0x08000202   0x08000202   0x00000000   Code   RO         5782    .ARM.Collect$$libinit$$00000013  c_w.l(libinit2.o)
    0x08000202   0x08000202   0x00000000   Code   RO         5784    .ARM.Collect$$libinit$$00000015  c_w.l(libinit2.o)
    0x08000202   0x08000202   0x00000000   Code   RO         5786    .ARM.Collect$$libinit$$00000017  c_w.l(libinit2.o)
    0x08000202   0x08000202   0x00000000   Code   RO         5788    .ARM.Collect$$libinit$$00000019  c_w.l(libinit2.o)
    0x08000202   0x08000202   0x00000000   Code   RO         5790    .ARM.Collect$$libinit$$0000001B  c_w.l(libinit2.o)
    0x08000202   0x08000202   0x00000000   Code   RO         5792    .ARM.Collect$$libinit$$0000001D  c_w.l(libinit2.o)
    0x08000202   0x08000202   0x00000000   Code   RO         5794    .ARM.Collect$$libinit$$0000001F  c_w.l(libinit2.o)
    0x08000202   0x08000202   0x00000000   Code   RO         5796    .ARM.Collect$$libinit$$00000021  c_w.l(libinit2.o)
    0x08000202   0x08000202   0x00000000   Code   RO         5798    .ARM.Collect$$libinit$$00000023  c_w.l(libinit2.o)
    0x08000202   0x08000202   0x00000000   Code   RO         5800    .ARM.Collect$$libinit$$00000025  c_w.l(libinit2.o)
    0x08000202   0x08000202   0x00000000   Code   RO         5804    .ARM.Collect$$libinit$$0000002C  c_w.l(libinit2.o)
    0x08000202   0x08000202   0x00000000   Code   RO         5806    .ARM.Collect$$libinit$$0000002E  c_w.l(libinit2.o)
    0x08000202   0x08000202   0x00000000   Code   RO         5808    .ARM.Collect$$libinit$$00000030  c_w.l(libinit2.o)
    0x08000202   0x08000202   0x00000000   Code   RO         5810    .ARM.Collect$$libinit$$00000032  c_w.l(libinit2.o)
    0x08000202   0x08000202   0x00000002   Code   RO         5811    .ARM.Collect$$libinit$$00000033  c_w.l(libinit2.o)
    0x08000204   0x08000204   0x00000002   Code   RO         5842    .ARM.Collect$$libshutdown$$00000000  c_w.l(libshutdown.o)
    0x08000206   0x08000206   0x00000000   Code   RO         5868    .ARM.Collect$$libshutdown$$00000002  c_w.l(libshutdown2.o)
    0x08000206   0x08000206   0x00000000   Code   RO         5870    .ARM.Collect$$libshutdown$$00000004  c_w.l(libshutdown2.o)
    0x08000206   0x08000206   0x00000000   Code   RO         5873    .ARM.Collect$$libshutdown$$00000007  c_w.l(libshutdown2.o)
    0x08000206   0x08000206   0x00000000   Code   RO         5876    .ARM.Collect$$libshutdown$$0000000A  c_w.l(libshutdown2.o)
    0x08000206   0x08000206   0x00000000   Code   RO         5878    .ARM.Collect$$libshutdown$$0000000C  c_w.l(libshutdown2.o)
    0x08000206   0x08000206   0x00000000   Code   RO         5881    .ARM.Collect$$libshutdown$$0000000F  c_w.l(libshutdown2.o)
    0x08000206   0x08000206   0x00000002   Code   RO         5882    .ARM.Collect$$libshutdown$$00000010  c_w.l(libshutdown2.o)
    0x08000208   0x08000208   0x00000000   Code   RO         5698    .ARM.Collect$$rtentry$$00000000  c_w.l(__rtentry.o)
    0x08000208   0x08000208   0x00000000   Code   RO         5722    .ARM.Collect$$rtentry$$00000002  c_w.l(__rtentry2.o)
    0x08000208   0x08000208   0x00000006   Code   RO         5734    .ARM.Collect$$rtentry$$00000004  c_w.l(__rtentry4.o)
    0x0800020e   0x0800020e   0x00000000   Code   RO         5724    .ARM.Collect$$rtentry$$00000009  c_w.l(__rtentry2.o)
    0x0800020e   0x0800020e   0x00000004   Code   RO         5725    .ARM.Collect$$rtentry$$0000000A  c_w.l(__rtentry2.o)
    0x08000212   0x08000212   0x00000000   Code   RO         5727    .ARM.Collect$$rtentry$$0000000C  c_w.l(__rtentry2.o)
    0x08000212   0x08000212   0x00000008   Code   RO         5728    .ARM.Collect$$rtentry$$0000000D  c_w.l(__rtentry2.o)
    0x0800021a   0x0800021a   0x00000002   Code   RO         5759    .ARM.Collect$$rtexit$$00000000  c_w.l(rtexit.o)
    0x0800021c   0x0800021c   0x00000000   Code   RO         5815    .ARM.Collect$$rtexit$$00000002  c_w.l(rtexit2.o)
    0x0800021c   0x0800021c   0x00000004   Code   RO         5816    .ARM.Collect$$rtexit$$00000003  c_w.l(rtexit2.o)
    0x08000220   0x08000220   0x00000006   Code   RO         5817    .ARM.Collect$$rtexit$$00000004  c_w.l(rtexit2.o)
    0x08000226   0x08000226   0x00000002   PAD
    0x08000228   0x08000228   0x000000be   Code   RO         4380    .emb_text           port.o
    0x080002e6   0x080002e6   0x00000002   PAD
    0x080002e8   0x080002e8   0x00000040   Code   RO          543    .text               startup_stm32f407xx.o
    0x08000328   0x08000328   0x000000ee   Code   RO         5639    .text               c_w.l(lludivv7m.o)
    0x08000416   0x08000416   0x00000048   Code   RO         5674    .text               c_w.l(strcpy.o)
    0x0800045e   0x0800045e   0x0000008a   Code   RO         5678    .text               c_w.l(rt_memcpy_v6.o)
    0x080004e8   0x080004e8   0x00000010   Code   RO         5680    .text               c_w.l(aeabi_memset.o)
    0x080004f8   0x080004f8   0x00000006   Code   RO         5682    .text               c_w.l(heapauxi.o)
    0x080004fe   0x080004fe   0x00000064   Code   RO         5712    .text               c_w.l(rt_memcpy_w.o)
    0x08000562   0x08000562   0x00000044   Code   RO         5714    .text               c_w.l(rt_memclr.o)
    0x080005a6   0x080005a6   0x0000004e   Code   RO         5740    .text               c_w.l(rt_memclr_w.o)
    0x080005f4   0x080005f4   0x0000004a   Code   RO         5742    .text               c_w.l(sys_stackheap_outer.o)
    0x0800063e   0x0800063e   0x00000012   Code   RO         5744    .text               c_w.l(exit.o)
    0x08000650   0x08000650   0x00000008   Code   RO         5756    .text               c_w.l(libspace.o)
    0x08000658   0x08000658   0x0000000c   Code   RO         5812    .text               c_w.l(sys_exit.o)
    0x08000664   0x08000664   0x00000002   Code   RO         5831    .text               c_w.l(use_no_semi.o)
    0x08000666   0x08000666   0x00000000   Code   RO         5833    .text               c_w.l(indicate_semi.o)
    0x08000666   0x08000666   0x00000002   Code   RO          327    i.BusFault_Handler  stm32f4xx_it.o
    0x08000668   0x08000668   0x00000002   Code   RO          328    i.DebugMon_Handler  stm32f4xx_it.o
    0x0800066a   0x0800066a   0x00000006   Code   RO         4296    i.EXTI9_5_IRQHandler  exti.o
    0x08000670   0x08000670   0x00000002   Code   RO         4298    i.HAL_GPIO_EXTI_Callback  exti.o
    0x08000672   0x08000672   0x00000002   PAD
    0x08000674   0x08000674   0x00000018   Code   RO          870    i.HAL_GPIO_EXTI_IRQHandler  stm32f4xx_hal_gpio.o
    0x0800068c   0x0800068c   0x000001c0   Code   RO          871    i.HAL_GPIO_Init     stm32f4xx_hal_gpio.o
    0x0800084c   0x0800084c   0x0000000a   Code   RO          873    i.HAL_GPIO_ReadPin  stm32f4xx_hal_gpio.o
    0x08000856   0x08000856   0x0000000a   Code   RO          875    i.HAL_GPIO_WritePin  stm32f4xx_hal_gpio.o
    0x08000860   0x08000860   0x0000000c   Code   RO          562    i.HAL_GetREVID      stm32f4xx_hal.o
    0x0800086c   0x0800086c   0x0000000c   Code   RO          563    i.HAL_GetTick       stm32f4xx_hal.o
    0x08000878   0x08000878   0x0000002c   Code   RO          570    i.HAL_Init          stm32f4xx_hal.o
    0x080008a4   0x080008a4   0x00000040   Code   RO          571    i.HAL_InitTick      stm32f4xx_hal.o
    0x080008e4   0x080008e4   0x00000002   Code   RO          514    i.HAL_MspInit       stm32f4xx_hal_msp.o
    0x080008e6   0x080008e6   0x00000002   PAD
    0x080008e8   0x080008e8   0x00000040   Code   RO          744    i.HAL_NVIC_SetPriority  stm32f4xx_hal_cortex.o
    0x08000928   0x08000928   0x00000024   Code   RO          745    i.HAL_NVIC_SetPriorityGrouping  stm32f4xx_hal_cortex.o
    0x0800094c   0x0800094c   0x00000130   Code   RO         1109    i.HAL_RCC_ClockConfig  stm32f4xx_hal_rcc.o
    0x08000a7c   0x08000a7c   0x00000060   Code   RO         1118    i.HAL_RCC_GetSysClockFreq  stm32f4xx_hal_rcc.o
    0x08000adc   0x08000adc   0x00000314   Code   RO         1121    i.HAL_RCC_OscConfig  stm32f4xx_hal_rcc.o
    0x08000df0   0x08000df0   0x00000018   Code   RO          747    i.HAL_SYSTICK_CLKSourceConfig  stm32f4xx_hal_cortex.o
    0x08000e08   0x08000e08   0x00000028   Code   RO          749    i.HAL_SYSTICK_Config  stm32f4xx_hal_cortex.o
    0x08000e30   0x08000e30   0x00000002   Code   RO          329    i.HardFault_Handler  stm32f4xx_it.o
    0x08000e32   0x08000e32   0x00000002   PAD
    0x08000e34   0x08000e34   0x00000060   Code   RO         4265    i.KEY_Init          key.o
    0x08000e94   0x08000e94   0x000000cc   Code   RO         4266    i.KEY_Scan          key.o
    0x08000f60   0x08000f60   0x00000050   Code   RO         4027    i.LED_Init          led.o
    0x08000fb0   0x08000fb0   0x00000002   Code   RO          330    i.MemManage_Handler  stm32f4xx_it.o
    0x08000fb2   0x08000fb2   0x00000002   Code   RO          331    i.NMI_Handler       stm32f4xx_it.o
    0x08000fb4   0x08000fb4   0x0000008c   Code   RO         5428    i.SEGGER_RTT_SetTerminal  segger_rtt.o
    0x08001040   0x08001040   0x00000038   Code   RO         5431    i.SEGGER_RTT_Write  segger_rtt.o
    0x08001078   0x08001078   0x0000005c   Code   RO         5432    i.SEGGER_RTT_WriteNoLock  segger_rtt.o
    0x080010d4   0x080010d4   0x00000016   Code   RO         5603    i.SEGGER_RTT_printf  segger_rtt_printf.o
    0x080010ea   0x080010ea   0x0000017e   Code   RO         5604    i.SEGGER_RTT_vprintf  segger_rtt_printf.o
    0x08001268   0x08001268   0x00000094   Code   RO         4000    i.Stm32_Clock_Init  sys.o
    0x080012fc   0x080012fc   0x00000014   Code   RO         3949    i.SysTick_Handler   delay.o
    0x08001310   0x08001310   0x00000054   Code   RO          388    i.SystemInit        system_stm32f4xx.o
    0x08001364   0x08001364   0x00000002   Code   RO          332    i.UsageFault_Handler  stm32f4xx_it.o
    0x08001366   0x08001366   0x00000002   PAD
    0x08001368   0x08001368   0x00000068   Code   RO         5436    i._DoInit           segger_rtt.o
    0x080013d0   0x080013d0   0x00000016   Code   RO         5437    i._GetAvailWriteSpace  segger_rtt.o
    0x080013e6   0x080013e6   0x000000c4   Code   RO         5605    i._PrintInt         segger_rtt_printf.o
    0x080014aa   0x080014aa   0x00000002   PAD
    0x080014ac   0x080014ac   0x000000cc   Code   RO         5606    i._PrintUnsigned    segger_rtt_printf.o
    0x08001578   0x08001578   0x0000003e   Code   RO         5607    i._StoreChar        segger_rtt_printf.o
    0x080015b6   0x080015b6   0x0000005a   Code   RO         5439    i._WriteBlocking    segger_rtt.o
    0x08001610   0x08001610   0x00000042   Code   RO         5440    i._WriteNoCheck     segger_rtt.o
    0x08001652   0x08001652   0x00000020   Code   RO          751    i.__NVIC_SetPriority  stm32f4xx_hal_cortex.o
    0x08001672   0x08001672   0x00000002   PAD
    0x08001674   0x08001674   0x00000038   Code   RO         3950    i.delay_init        delay.o
    0x080016ac   0x080016ac   0x00000038   Code   RO         3951    i.delay_ms          delay.o
    0x080016e4   0x080016e4   0x00000034   Code   RO         3952    i.delay_us          delay.o
    0x08001718   0x08001718   0x00000054   Code   RO            4    i.key_Scan          main.o
    0x0800176c   0x0800176c   0x000008a0   Code   RO            5    i.list_task         main.o
    0x0800200c   0x0800200c   0x00000050   Code   RO            6    i.main              main.o
    0x0800205c   0x0800205c   0x00000088   Code   RO         4914    i.prvAddCurrentTaskToDelayedList  tasks.o
    0x080020e4   0x080020e4   0x000000f0   Code   RO         4915    i.prvAddNewTaskToReadyList  tasks.o
    0x080021d4   0x080021d4   0x00000050   Code   RO         5272    i.prvCheckForValidListAndQueue  timers.o
    0x08002224   0x08002224   0x00000026   Code   RO         4681    i.prvCopyDataFromQueue  queue.o
    0x0800224a   0x0800224a   0x0000006c   Code   RO         4682    i.prvCopyDataToQueue  queue.o
    0x080022b6   0x080022b6   0x00000014   Code   RO         4916    i.prvDeleteTCB      tasks.o
    0x080022ca   0x080022ca   0x00000002   PAD
    0x080022cc   0x080022cc   0x0000004c   Code   RO         4461    i.prvHeapInit       heap_4.o
    0x08002318   0x08002318   0x0000005c   Code   RO         4917    i.prvIdleTask       tasks.o
    0x08002374   0x08002374   0x000000b8   Code   RO         4918    i.prvInitialiseNewTask  tasks.o
    0x0800242c   0x0800242c   0x0000004c   Code   RO         4462    i.prvInsertBlockIntoFreeList  heap_4.o
    0x08002478   0x08002478   0x00000038   Code   RO         5273    i.prvInsertTimerInActiveList  timers.o
    0x080024b0   0x080024b0   0x0000001a   Code   RO         4683    i.prvIsQueueEmpty   queue.o
    0x080024ca   0x080024ca   0x00000080   Code   RO         4684    i.prvNotifyQueueSetContainer  queue.o
    0x0800254a   0x0800254a   0x00000002   PAD
    0x0800254c   0x0800254c   0x00000040   Code   RO         5274    i.prvProcessExpiredTimer  timers.o
    0x0800258c   0x0800258c   0x000000e4   Code   RO         5275    i.prvProcessReceivedCommands  timers.o
    0x08002670   0x08002670   0x0000006c   Code   RO         5276    i.prvProcessTimerOrBlockTask  timers.o
    0x080026dc   0x080026dc   0x00000028   Code   RO         5277    i.prvReloadTimer    timers.o
    0x08002704   0x08002704   0x0000001c   Code   RO         4920    i.prvResetNextTaskUnblockTime  tasks.o
    0x08002720   0x08002720   0x00000048   Code   RO         5278    i.prvSampleTimeNow  timers.o
    0x08002768   0x08002768   0x00000028   Code   RO         4381    i.prvTaskExitError  port.o
    0x08002790   0x08002790   0x00000028   Code   RO         5279    i.prvTimerTask      timers.o
    0x080027b8   0x080027b8   0x00000076   Code   RO         4685    i.prvUnlockQueue    queue.o
    0x0800282e   0x0800282e   0x00000002   PAD
    0x08002830   0x08002830   0x000000e8   Code   RO         4463    i.pvPortMalloc      heap_4.o
    0x08002918   0x08002918   0x0000002c   Code   RO         4382    i.pxPortInitialiseStack  port.o
    0x08002944   0x08002944   0x0000008c   Code   RO            7    i.start_task        main.o
    0x080029d0   0x080029d0   0x00000014   Code   RO            8    i.task1_task        main.o
    0x080029e4   0x080029e4   0x000000a8   Code   RO            9    i.task2_task        main.o
    0x08002a8c   0x08002a8c   0x00000026   Code   RO         4641    i.uxListRemove      list.o
    0x08002ab2   0x08002ab2   0x00000016   Code   RO         4642    i.vListInitialise   list.o
    0x08002ac8   0x08002ac8   0x00000006   Code   RO         4643    i.vListInitialiseItem  list.o
    0x08002ace   0x08002ace   0x00000030   Code   RO         4644    i.vListInsert       list.o
    0x08002afe   0x08002afe   0x00000018   Code   RO         4645    i.vListInsertEnd    list.o
    0x08002b16   0x08002b16   0x00000002   PAD
    0x08002b18   0x08002b18   0x00000040   Code   RO         4384    i.vPortEnterCritical  port.o
    0x08002b58   0x08002b58   0x00000028   Code   RO         4385    i.vPortExitCritical  port.o
    0x08002b80   0x08002b80   0x00000064   Code   RO         4464    i.vPortFree         heap_4.o
    0x08002be4   0x08002be4   0x00000024   Code   RO         4386    i.vPortSetupTimerInterrupt  port.o
    0x08002c08   0x08002c08   0x0000004c   Code   RO         4691    i.vQueueAddToRegistry  queue.o
    0x08002c54   0x08002c54   0x00000044   Code   RO         4695    i.vQueueWaitForMessageRestricted  queue.o
    0x08002c98   0x08002c98   0x0000004c   Code   RO         4931    i.vTaskDelay        tasks.o
    0x08002ce4   0x08002ce4   0x000000ac   Code   RO         4932    i.vTaskDelete       tasks.o
    0x08002d90   0x08002d90   0x00000010   Code   RO         4936    i.vTaskInternalSetTimeOutState  tasks.o
    0x08002da0   0x08002da0   0x0000000c   Code   RO         4938    i.vTaskMissedYield  tasks.o
    0x08002dac   0x08002dac   0x00000030   Code   RO         4939    i.vTaskPlaceOnEventList  tasks.o
    0x08002ddc   0x08002ddc   0x00000050   Code   RO         4940    i.vTaskPlaceOnEventListRestricted  tasks.o
    0x08002e2c   0x08002e2c   0x00000070   Code   RO         4948    i.vTaskStartScheduler  tasks.o
    0x08002e9c   0x08002e9c   0x00000010   Code   RO         4950    i.vTaskSuspendAll   tasks.o
    0x08002eac   0x08002eac   0x0000005c   Code   RO         4951    i.vTaskSwitchContext  tasks.o
    0x08002f08   0x08002f08   0x000000f4   Code   RO         4388    i.xPortStartScheduler  port.o
    0x08002ffc   0x08002ffc   0x0000002c   Code   RO         4389    i.xPortSysTickHandler  port.o
    0x08003028   0x08003028   0x00000062   Code   RO         4700    i.xQueueGenericCreate  queue.o
    0x0800308a   0x0800308a   0x00000002   PAD
    0x0800308c   0x0800308c   0x000000b0   Code   RO         4701    i.xQueueGenericReset  queue.o
    0x0800313c   0x0800313c   0x00000138   Code   RO         4710    i.xQueueReceive     queue.o
    0x08003274   0x08003274   0x0000007c   Code   RO         4953    i.xTaskCheckForTimeOut  tasks.o
    0x080032f0   0x080032f0   0x00000056   Code   RO         4954    i.xTaskCreate       tasks.o
    0x08003346   0x08003346   0x00000002   PAD
    0x08003348   0x08003348   0x0000001c   Code   RO         4961    i.xTaskGetSchedulerState  tasks.o
    0x08003364   0x08003364   0x0000000c   Code   RO         4962    i.xTaskGetTickCount  tasks.o
    0x08003370   0x08003370   0x00000128   Code   RO         4964    i.xTaskIncrementTick  tasks.o
    0x08003498   0x08003498   0x000000b8   Code   RO         4965    i.xTaskPriorityDisinherit  tasks.o
    0x08003550   0x08003550   0x000000dc   Code   RO         4967    i.xTaskRemoveFromEventList  tasks.o
    0x0800362c   0x0800362c   0x0000012c   Code   RO         4968    i.xTaskResumeAll    tasks.o
    0x08003758   0x08003758   0x0000004c   Code   RO         5287    i.xTimerCreateTimerTask  timers.o
    0x080037a4   0x080037a4   0x0000000a   Code   RO         5827    x$fpl$fpinit        fz_wm.l(fpinit.o)
    0x080037ae   0x080037ae   0x00000010   Data   RO          389    .constdata          system_stm32f4xx.o
    0x080037be   0x080037be   0x00000010   Data   RO         5608    .constdata          segger_rtt_printf.o
    0x080037ce   0x080037ce   0x00000002   PAD
    0x080037d0   0x080037d0   0x00000020   Data   RO         5883    Region$$Table       anon$$obj.o


    Execution Region RW_IRAM1 (Exec base: 0x20000000, Load base: 0x080037f0, Size: 0x00005f78, Max: 0x00020000, ABSOLUTE)

    Exec Addr    Load Addr    Size         Type   Attr      Idx    E Section Name        Object

    0x20000000   0x080037f0   0x00000014   Data   RW           11    .data               main.o
    0x20000014   0x08003804   0x00000004   Data   RW          391    .data               system_stm32f4xx.o
    0x20000018   0x08003808   0x0000000c   Data   RW          577    .data               stm32f4xx_hal.o
    0x20000024   0x08003814   0x00000004   Data   RW         3954    .data               delay.o
    0x20000028   0x08003818   0x00000001   Data   RW         4267    .data               key.o
    0x20000029   0x08003819   0x00000003   PAD
    0x2000002c   0x0800381c   0x0000000c   Data   RW         4390    .data               port.o
    0x20000038   0x08003828   0x00000020   Data   RW         4470    .data               heap_4.o
    0x20000058   0x08003848   0x00000040   Data   RW         4971    .data               tasks.o
    0x20000098   0x08003888   0x00000014   Data   RW         5294    .data               timers.o
    0x200000ac   0x0800389c   0x00000011   Data   RW         5442    .data               segger_rtt.o
    0x200000bd   0x080038ad   0x00000003   PAD
    0x200000c0        -       0x00000050   Zero   RW           10    .bss                main.o
    0x20000110        -       0x00005000   Zero   RW         4469    .bss                heap_4.o
    0x20005110        -       0x00000040   Zero   RW         4717    .bss                queue.o
    0x20005150        -       0x000002e4   Zero   RW         4970    .bss                tasks.o
    0x20005434        -       0x00000028   Zero   RW         5293    .bss                timers.o
    0x2000545c        -       0x000004b8   Zero   RW         5441    .bss                segger_rtt.o
    0x20005914        -       0x00000060   Zero   RW         5757    .bss                c_w.l(libspace.o)
    0x20005974   0x080038ad   0x00000004   PAD
    0x20005978        -       0x00000200   Zero   RW          541    HEAP                startup_stm32f407xx.o
    0x20005b78        -       0x00000400   Zero   RW          540    STACK               startup_stm32f407xx.o


==============================================================================

Image component sizes


      Code (inc. data)   RO Data    RW Data    ZI Data      Debug   Object Name

       184         14          0          4          0       2709   delay.o
         0          0          0          0          0      12144   event_groups.o
         8          0          0          0          0       1046   exti.o
       484         24          0         32      20480      19411   heap_4.o
       300         26          0          1          0       1818   key.o
        80          8          0          0          0        931   led.o
       138          0          0          0          0       3430   list.o
      2700       1430          0         20         80     659052   main.o
       702         70          0         12          0      10716   port.o
      1148         14          0          0         64      14191   queue.o
       570         48          0         17       1208       9943   segger_rtt.o
       866          4         16          0          0       6065   segger_rtt_printf.o
        64         26        392          0       1536        852   startup_stm32f407xx.o
       132         24          0         12          0       4142   stm32f4xx_hal.o
       196         14          0          0          0      33956   stm32f4xx_hal_cortex.o
       492         52          0          0          0       3986   stm32f4xx_hal_gpio.o
         2          0          0          0          0        474   stm32f4xx_hal_msp.o
      1188         48          0          0          0       4214   stm32f4xx_hal_rcc.o
        12          0          0          0          0       2849   stm32f4xx_it.o
       148         14          0          0          0       1207   sys.o
        84         18         16          4          0       1183   system_stm32f4xx.o
      2574        184          0         64        740      28936   tasks.o
       764         84          0         20         40      13272   timers.o

    ----------------------------------------------------------------------
     12862       2102        458        192      24148     836527   Object Totals
         0          0         32          0          0          0   (incl. Generated)
        26          0          2          6          0          0   (incl. Padding)

    ----------------------------------------------------------------------

      Code (inc. data)   RO Data    RW Data    ZI Data      Debug   Library Member Name

         8          0          0          0          0         68   __main.o
         0          0          0          0          0          0   __rtentry.o
        12          0          0          0          0          0   __rtentry2.o
         6          0          0          0          0          0   __rtentry4.o
        52          8          0          0          0          0   __scatter.o
        26          0          0          0          0          0   __scatter_copy.o
        28          0          0          0          0          0   __scatter_zi.o
        16          0          0          0          0         68   aeabi_memset.o
        18          0          0          0          0         80   exit.o
         6          0          0          0          0        152   heapauxi.o
         0          0          0          0          0          0   indicate_semi.o
         2          0          0          0          0          0   libinit.o
         6          0          0          0          0          0   libinit2.o
         2          0          0          0          0          0   libshutdown.o
         2          0          0          0          0          0   libshutdown2.o
         8          4          0          0         96         68   libspace.o
       238          0          0          0          0        100   lludivv7m.o
        68          0          0          0          0         68   rt_memclr.o
        78          0          0          0          0         80   rt_memclr_w.o
       138          0          0          0          0         68   rt_memcpy_v6.o
       100          0          0          0          0         80   rt_memcpy_w.o
         2          0          0          0          0          0   rtexit.o
        10          0          0          0          0          0   rtexit2.o
        72          0          0          0          0         80   strcpy.o
        12          4          0          0          0         68   sys_exit.o
        74          0          0          0          0         80   sys_stackheap_outer.o
         2          0          0          0          0         68   use_no_semi.o
        10          0          0          0          0        116   fpinit.o

    ----------------------------------------------------------------------
      1000         16          0          0        100       1244   Library Totals
         4          0          0          0          4          0   (incl. Padding)

    ----------------------------------------------------------------------

      Code (inc. data)   RO Data    RW Data    ZI Data      Debug   Library Name

       986         16          0          0         96       1128   c_w.l
        10          0          0          0          0        116   fz_wm.l

    ----------------------------------------------------------------------
      1000         16          0          0        100       1244   Library Totals

    ----------------------------------------------------------------------

==============================================================================


      Code (inc. data)   RO Data    RW Data    ZI Data      Debug   

     13862       2118        458        192      24248     826851   Grand Totals
     13862       2118        458        192      24248     826851   ELF Image Totals
     13862       2118        458        192          0          0   ROM Totals

==============================================================================

    Total RO  Size (Code + RO Data)                14320 (  13.98kB)
    Total RW  Size (RW Data + ZI Data)             24440 (  23.87kB)
    Total ROM Size (Code + RO Data + RW Data)      14512 (  14.17kB)

==============================================================================

